Component: ARM Compiler 5.06 update 6 (build 750) Tool: armlink [4d35ed]

==============================================================================

Section Cross References

    startup_stm32f030xc.o(STACK) refers (Special) to heapauxi.o(.text) for __use_two_region_memory
    startup_stm32f030xc.o(HEAP) refers (Special) to heapauxi.o(.text) for __use_two_region_memory
    startup_stm32f030xc.o(RESET) refers (Special) to heapauxi.o(.text) for __use_two_region_memory
    startup_stm32f030xc.o(RESET) refers to startup_stm32f030xc.o(STACK) for __initial_sp
    startup_stm32f030xc.o(RESET) refers to startup_stm32f030xc.o(.text) for Reset_Handler
    startup_stm32f030xc.o(RESET) refers to stm32f0xx_it.o(i.NMI_Handler) for NMI_Handler
    startup_stm32f030xc.o(RESET) refers to stm32f0xx_it.o(i.HardFault_Handler) for HardFault_Handler
    startup_stm32f030xc.o(RESET) refers to stm32f0xx_it.o(i.SVC_Handler) for SVC_Handler
    startup_stm32f030xc.o(RESET) refers to stm32f0xx_it.o(i.PendSV_Handler) for PendSV_Handler
    startup_stm32f030xc.o(RESET) refers to stm32f0xx_it.o(i.SysTick_Handler) for SysTick_Handler
    startup_stm32f030xc.o(RESET) refers to stm32f0xx_it.o(i.EXTI0_1_IRQHandler) for EXTI0_1_IRQHandler
    startup_stm32f030xc.o(RESET) refers to stm32f0xx_it.o(i.EXTI4_15_IRQHandler) for EXTI4_15_IRQHandler
    startup_stm32f030xc.o(RESET) refers to stm32f0xx_it.o(i.DMA1_Channel4_5_IRQHandler) for DMA1_Channel4_5_IRQHandler
    startup_stm32f030xc.o(RESET) refers to stm32f0xx_it.o(i.TIM6_IRQHandler) for TIM6_IRQHandler
    startup_stm32f030xc.o(RESET) refers to stm32f0xx_it.o(i.TIM14_IRQHandler) for TIM14_IRQHandler
    startup_stm32f030xc.o(RESET) refers to stm32f0xx_it.o(i.USART2_IRQHandler) for USART2_IRQHandler
    startup_stm32f030xc.o(.text) refers (Special) to heapauxi.o(.text) for __use_two_region_memory
    startup_stm32f030xc.o(.text) refers to system_stm32f0xx.o(i.SystemInit) for SystemInit
    startup_stm32f030xc.o(.text) refers to __main.o(!!!main) for __main
    startup_stm32f030xc.o(.text) refers to startup_stm32f030xc.o(HEAP) for Heap_Mem
    startup_stm32f030xc.o(.text) refers to startup_stm32f030xc.o(STACK) for Stack_Mem
    main.o(i.APN_IP_n_PASS_READ) refers to eeprom_at24xxx.o(i.EEPROM_ReadNBytes) for EEPROM_ReadNBytes
    main.o(i.APN_IP_n_PASS_READ) refers to lcd_16x2.o(i.LCD_Clear) for LCD_Clear
    main.o(i.APN_IP_n_PASS_READ) refers to lcd_16x2.o(i.LCD_Gotoxy) for LCD_Gotoxy
    main.o(i.APN_IP_n_PASS_READ) refers to lcd_16x2.o(i.LCD_Puts) for LCD_Puts
    main.o(i.APN_IP_n_PASS_READ) refers to stm32f0xx_hal.o(i.HAL_Delay) for HAL_Delay
    main.o(i.APN_IP_n_PASS_READ) refers to strncpy.o(.text) for strncpy
    main.o(i.APN_IP_n_PASS_READ) refers to eeprom_at24xxx.o(i.EEPROM_ReadByte) for EEPROM_ReadByte
    main.o(i.APN_IP_n_PASS_READ) refers to stm32f0xx_hal_iwdg.o(i.HAL_IWDG_Refresh) for HAL_IWDG_Refresh
    main.o(i.APN_IP_n_PASS_READ) refers to main.o(i.APN_SET_FN) for APN_SET_FN
    main.o(i.APN_IP_n_PASS_READ) refers to main.o(.data) for rain_read_disable_flg
    main.o(i.APN_IP_n_PASS_READ) refers to main.o(.bss) for hiwdg
    main.o(i.APN_IP_n_PASS_READ) refers to config.o(.data) for TotalFlow1Counter
    main.o(i.APN_SET_FN) refers to strncpy.o(.text) for strncpy
    main.o(i.APN_SET_FN) refers to main.o(.data) for apn
    main.o(i.APN_SET_REMOTE) refers to stm32f0xx_hal_iwdg.o(i.HAL_IWDG_Refresh) for HAL_IWDG_Refresh
    main.o(i.APN_SET_REMOTE) refers to strncpy.o(.text) for strncpy
    main.o(i.APN_SET_REMOTE) refers to eeprom_at24xxx.o(i.EEPROM_WriteNBytes) for EEPROM_WriteNBytes
    main.o(i.APN_SET_REMOTE) refers to eeprom_at24xxx.o(i.EEPROM_WriteByte) for EEPROM_WriteByte
    main.o(i.APN_SET_REMOTE) refers to stm32f0xx_hal_gpio.o(i.HAL_GPIO_WritePin) for HAL_GPIO_WritePin
    main.o(i.APN_SET_REMOTE) refers to stm32f0xx_hal.o(i.HAL_Delay) for HAL_Delay
    main.o(i.APN_SET_REMOTE) refers to lcd_16x2.o(i.LCD_Clear) for LCD_Clear
    main.o(i.APN_SET_REMOTE) refers to lcd_16x2.o(i.LCD_Gotoxy) for LCD_Gotoxy
    main.o(i.APN_SET_REMOTE) refers to lcd_16x2.o(i.LCD_Puts) for LCD_Puts
    main.o(i.APN_SET_REMOTE) refers to pkt_pub.o(i.apn_msg_confirmed) for apn_msg_confirmed
    main.o(i.APN_SET_REMOTE) refers to stm32f0xx_hal_cortex.o(i.HAL_NVIC_SystemReset) for HAL_NVIC_SystemReset
    main.o(i.APN_SET_REMOTE) refers to main.o(.bss) for hiwdg
    main.o(i.APN_SET_REMOTE) refers to main.o(.data) for apn
    main.o(i.FACTORY_RESET) refers to _printf_percent.o(.ARM.Collect$$_printf_percent$$00000000) for _printf_percent
    main.o(i.FACTORY_RESET) refers to _printf_s.o(.ARM.Collect$$_printf_percent$$00000014) for _printf_s
    main.o(i.FACTORY_RESET) refers to _printf_str.o(.text) for _printf_str
    main.o(i.FACTORY_RESET) refers to lcd_16x2.o(i.LCD_Clear) for LCD_Clear
    main.o(i.FACTORY_RESET) refers to stm32f0xx_hal_iwdg.o(i.HAL_IWDG_Refresh) for HAL_IWDG_Refresh
[...]
    HAL_GPIO_ReadPin                         0x08001d19   Thumb Code    18  stm32f0xx_hal_gpio.o(i.HAL_GPIO_ReadPin)
    HAL_GPIO_WritePin                        0x08001d2b   Thumb Code    12  stm32f0xx_hal_gpio.o(i.HAL_GPIO_WritePin)
    HAL_GetTick                              0x08001d39   Thumb Code     6  stm32f0xx_hal.o(i.HAL_GetTick)
    HAL_I2CEx_ConfigAnalogFilter             0x08001d45   Thumb Code   110  stm32f0xx_hal_i2c_ex.o(i.HAL_I2CEx_ConfigAnalogFilter)
    HAL_I2CEx_ConfigDigitalFilter            0x08001db3   Thumb Code   112  stm32f0xx_hal_i2c_ex.o(i.HAL_I2CEx_ConfigDigitalFilter)
    HAL_I2C_Init                             0x08001e25   Thumb Code   208  stm32f0xx_hal_i2c.o(i.HAL_I2C_Init)
    HAL_I2C_Mem_Read                         0x08001ef9   Thumb Code   418  stm32f0xx_hal_i2c.o(i.HAL_I2C_Mem_Read)
    HAL_I2C_Mem_Write                        0x080020a5   Thumb Code   414  stm32f0xx_hal_i2c.o(i.HAL_I2C_Mem_Write)
    HAL_I2C_MspInit                          0x08002249   Thumb Code   220  stm32f0xx_hal_msp.o(i.HAL_I2C_MspInit)
    HAL_IWDG_Init                            0x08002335   Thumb Code   110  stm32f0xx_hal_iwdg.o(i.HAL_IWDG_Init)
    HAL_IWDG_Refresh                         0x080023b1   Thumb Code    12  stm32f0xx_hal_iwdg.o(i.HAL_IWDG_Refresh)
    HAL_IncTick                              0x080023c1   Thumb Code    16  stm32f0xx_hal.o(i.HAL_IncTick)
    HAL_Init                                 0x080023d9   Thumb Code    28  stm32f0xx_hal.o(i.HAL_Init)
    HAL_InitTick                             0x080023f9   Thumb Code    70  stm32f0xx_hal.o(i.HAL_InitTick)
    HAL_MspInit                              0x0800244d   Thumb Code    60  stm32f0xx_hal_msp.o(i.HAL_MspInit)
    HAL_NVIC_DisableIRQ                      0x0800248d   Thumb Code    54  stm32f0xx_hal_cortex.o(i.HAL_NVIC_DisableIRQ)
    HAL_NVIC_EnableIRQ                       0x080024c9   Thumb Code    22  stm32f0xx_hal_cortex.o(i.HAL_NVIC_EnableIRQ)
    HAL_NVIC_SetPriority                     0x080024e5   Thumb Code    18  stm32f0xx_hal_cortex.o(i.HAL_NVIC_SetPriority)
    HAL_NVIC_SystemReset                     0x080024f9   Thumb Code    48  stm32f0xx_hal_cortex.o(i.HAL_NVIC_SystemReset)
    HAL_PWR_EnableBkUpAccess                 0x08002531   Thumb Code    16  stm32f0xx_hal_pwr.o(i.HAL_PWR_EnableBkUpAccess)
    HAL_RCCEx_PeriphCLKConfig                0x08002545   Thumb Code   322  stm32f0xx_hal_rcc_ex.o(i.HAL_RCCEx_PeriphCLKConfig)
    HAL_RCC_ClockConfig                      0x08002695   Thumb Code   342  stm32f0xx_hal_rcc.o(i.HAL_RCC_ClockConfig)
    HAL_RCC_GetHCLKFreq                      0x08002801   Thumb Code     6  stm32f0xx_hal_rcc.o(i.HAL_RCC_GetHCLKFreq)
    HAL_RCC_GetPCLK1Freq                     0x0800280d   Thumb Code    26  stm32f0xx_hal_rcc.o(i.HAL_RCC_GetPCLK1Freq)
    HAL_RCC_GetSysClockFreq                  0x08002831   Thumb Code   140  stm32f0xx_hal_rcc.o(i.HAL_RCC_GetSysClockFreq)
    HAL_RCC_OscConfig                        0x080028d1   Thumb Code  1416  stm32f0xx_hal_rcc.o(i.HAL_RCC_OscConfig)
    HAL_RTC_GetDate                          0x08002e5d   Thumb Code    88  stm32f0xx_hal_rtc.o(i.HAL_RTC_GetDate)
    HAL_RTC_GetTime                          0x08002eb9   Thumb Code   104  stm32f0xx_hal_rtc.o(i.HAL_RTC_GetTime)
    HAL_RTC_Init                             0x08002f25   Thumb Code   188  stm32f0xx_hal_rtc.o(i.HAL_RTC_Init)
    HAL_RTC_MspInit                          0x08002fe5   Thumb Code    22  stm32f0xx_hal_msp.o(i.HAL_RTC_MspInit)
    HAL_RTC_SetAlarm                         0x08003005   Thumb Code   376  stm32f0xx_hal_rtc.o(i.HAL_RTC_SetAlarm)
    HAL_RTC_SetDate                          0x08003181   Thumb Code   196  stm32f0xx_hal_rtc.o(i.HAL_RTC_SetDate)
    HAL_RTC_SetTime                          0x08003249   Thumb Code   242  stm32f0xx_hal_rtc.o(i.HAL_RTC_SetTime)
    HAL_RTC_WaitForSynchro                   0x08003341   Thumb Code    54  stm32f0xx_hal_rtc.o(i.HAL_RTC_WaitForSynchro)
    HAL_SYSTICK_Config                       0x0800337d   Thumb Code    46  stm32f0xx_hal_cortex.o(i.HAL_SYSTICK_Config)
    HAL_TIMEx_BreakCallback                  0x080033b5   Thumb Code     2  stm32f0xx_hal_tim_ex.o(i.HAL_TIMEx_BreakCallback)
    HAL_TIMEx_CommutCallback                 0x080033b7   Thumb Code     2  stm32f0xx_hal_tim_ex.o(i.HAL_TIMEx_CommutCallback)
    HAL_TIM_Base_Init                        0x080033b9   Thumb Code   100  stm32f0xx_hal_tim.o(i.HAL_TIM_Base_Init)
    HAL_TIM_Base_MspInit                     0x0800341d   Thumb Code   154  stm32f0xx_hal_msp.o(i.HAL_TIM_Base_MspInit)
    HAL_TIM_Base_Start_IT                    0x080034c9   Thumb Code    98  stm32f0xx_hal_tim.o(i.HAL_TIM_Base_Start_IT)
    HAL_TIM_IC_CaptureCallback               0x08003539   Thumb Code     2  stm32f0xx_hal_tim.o(i.HAL_TIM_IC_CaptureCallback)
    HAL_TIM_IRQHandler                       0x0800353b   Thumb Code   456  stm32f0xx_hal_tim.o(i.HAL_TIM_IRQHandler)
    HAL_TIM_OC_DelayElapsedCallback          0x08003703   Thumb Code     2  stm32f0xx_hal_tim.o(i.HAL_TIM_OC_DelayElapsedCallback)
    HAL_TIM_PWM_PulseFinishedCallback        0x08003705   Thumb Code     2  stm32f0xx_hal_tim.o(i.HAL_TIM_PWM_PulseFinishedCallback)
    HAL_TIM_PeriodElapsedCallback            0x08003709   Thumb Code   528  main.o(i.HAL_TIM_PeriodElapsedCallback)
    HAL_TIM_TriggerCallback                  0x080039a5   Thumb Code     2  stm32f0xx_hal_tim.o(i.HAL_TIM_TriggerCallback)
    HAL_UARTEx_ReceiveToIdle_DMA             0x080039a7   Thumb Code   138  stm32f0xx_hal_uart_ex.o(i.HAL_UARTEx_ReceiveToIdle_DMA)
    HAL_UARTEx_RxEventCallback               0x08003a31   Thumb Code     2  stm32f0xx_hal_uart.o(i.HAL_UARTEx_RxEventCallback)
    HAL_UART_DeInit                          0x08003a33   Thumb Code    80  stm32f0xx_hal_uart.o(i.HAL_UART_DeInit)
    HAL_UART_ErrorCallback                   0x08003a83   Thumb Code     2  stm32f0xx_hal_uart.o(i.HAL_UART_ErrorCallback)
    HAL_UART_GetError                        0x08003a85   Thumb Code     8  stm32f0xx_hal_uart.o(i.HAL_UART_GetError)
    HAL_UART_IRQHandler                      0x08003a8d   Thumb Code   928  stm32f0xx_hal_uart.o(i.HAL_UART_IRQHandler)
    HAL_UART_Init                            0x08003e39   Thumb Code   126  stm32f0xx_hal_uart.o(i.HAL_UART_Init)
    HAL_UART_MspDeInit                       0x08003eb9   Thumb Code    56  stm32f0xx_hal_msp.o(i.HAL_UART_MspDeInit)
    HAL_UART_MspInit                         0x08003ef9   Thumb Code   242  stm32f0xx_hal_msp.o(i.HAL_UART_MspInit)
    HAL_UART_Receive_DMA                     0x08004001   Thumb Code   126  stm32f0xx_hal_uart.o(i.HAL_UART_Receive_DMA)
    HAL_UART_RxCpltCallback                  0x0800407f   Thumb Code     2  stm32f0xx_hal_uart.o(i.HAL_UART_RxCpltCallback)
    HAL_UART_RxHalfCpltCallback              0x08004081   Thumb Code     2  stm32f0xx_hal_uart.o(i.HAL_UART_RxHalfCpltCallback)
    HAL_UART_Transmit_DMA                    0x08004085   Thumb Code   186  stm32f0xx_hal_uart.o(i.HAL_UART_Transmit_DMA)
    HAL_UART_TxCpltCallback                  0x0800414d   Thumb Code     2  stm32f0xx_hal_uart.o(i.HAL_UART_TxCpltCallback)
    HAL_UART_TxHalfCpltCallback              0x0800414f   Thumb Code     2  stm32f0xx_hal_uart.o(i.HAL_UART_TxHalfCpltCallback)
    HardFault_Handler                        0x08004151   Thumb Code     4  stm32f0xx_it.o(i.HardFault_Handler)
    LCD_Clear                                0x08004561   Thumb Code    16  lcd_16x2.o(i.LCD_Clear)
    LCD_Enable                               0x08004575   Thumb Code    38  lcd_16x2.o(i.LCD_Enable)
    LCD_Gotoxy                               0x080045a1   Thumb Code    54  lcd_16x2.o(i.LCD_Gotoxy)
    LCD_Init                                 0x080045dd   Thumb Code    74  lcd_16x2.o(i.LCD_Init)
    LCD_PutChar                              0x0800462d   Thumb Code    34  lcd_16x2.o(i.LCD_PutChar)
    LCD_Puts                                 0x08004655   Thumb Code    30  lcd_16x2.o(i.LCD_Puts)
    LCD_Send4Bit                             0x08004679   Thumb Code   132  lcd_16x2.o(i.LCD_Send4Bit)
    LCD_SendCommand                          0x08004701   Thumb Code    26  lcd_16x2.o(i.LCD_SendCommand)
    LF_DISABLE                               0x0800471d   Thumb Code   272  main.o(i.LF_DISABLE)
    MCP_PA_OUT_MODE                          0x080048a5   Thumb Code    90  mcp23017.o(i.MCP_PA_OUT_MODE)
    MCP_PA_WRITE                             0x08004909   Thumb Code    96  mcp23017.o(i.MCP_PA_WRITE)
    MCP_PB_OUT_MODE                          0x08004975   Thumb Code    90  mcp23017.o(i.MCP_PB_OUT_MODE)
    MCP_PB_WRITE                             0x080049d9   Thumb Code    96  mcp23017.o(i.MCP_PB_WRITE)
    NMI_Handler                              0x08004f0d   Thumb Code     4  stm32f0xx_it.o(i.NMI_Handler)
    PASS_CODE                                0x08004f11   Thumb Code   982  main.o(i.PASS_CODE)
    PendSV_Handler                           0x08005379   Thumb Code     2  stm32f0xx_it.o(i.PendSV_Handler)
    RAIN_DISABLE                             0x0800537d   Thumb Code   272  main.o(i.RAIN_DISABLE)
    RTC_Bcd2ToByte                           0x08005509   Thumb Code    26  stm32f0xx_hal_rtc.o(i.RTC_Bcd2ToByte)
    RTC_ByteToBcd2                           0x08005523   Thumb Code    26  stm32f0xx_hal_rtc.o(i.RTC_ByteToBcd2)
    RTC_EnterInitMode                        0x0800553d   Thumb Code    80  stm32f0xx_hal_rtc.o(i.RTC_EnterInitMode)
    RTC_ExitInitMode                         0x0800558d   Thumb Code    50  stm32f0xx_hal_rtc.o(i.RTC_ExitInitMode)
    RTC_TimeShow                             0x080055c1   Thumb Code   186  main.o(i.RTC_TimeShow)
    RTC_TimeShow1                            0x080056c9   Thumb Code   250  main.o(i.RTC_TimeShow1)
    SET_PASS_CODE                            0x08005809   Thumb Code   924  main.o(i.SET_PASS_CODE)
    SVC_Handler                              0x08005c55   Thumb Code     2  stm32f0xx_it.o(i.SVC_Handler)
    SysTick_Handler                          0x08005c57   Thumb Code     8  stm32f0xx_it.o(i.SysTick_Handler)
    SystemClock_Config                       0x08005c61   Thumb Code   160  main.o(i.SystemClock_Config)
    SystemInit                               0x08005d09   Thumb Code     2  system_stm32f0xx.o(i.SystemInit)
    TIM14_IRQHandler                         0x08005d0d   Thumb Code    10  stm32f0xx_it.o(i.TIM14_IRQHandler)
    TIM6_IRQHandler                          0x08005d1d   Thumb Code    10  stm32f0xx_it.o(i.TIM6_IRQHandler)
    TIM_Base_SetConfig                       0x08005d2d   Thumb Code   134  stm32f0xx_hal_tim.o(i.TIM_Base_SetConfig)
    Time_at_SIM                              0x08005dcd   Thumb Code   740  main.o(i.Time_at_SIM)
    UART_AdvFeatureConfig                    0x0800612d   Thumb Code   240  stm32f0xx_hal_uart.o(i.UART_AdvFeatureConfig)
    UART_CheckIdleState                      0x0800621d   Thumb Code   252  stm32f0xx_hal_uart.o(i.UART_CheckIdleState)
    UART_SetConfig                           0x080065c9   Thumb Code   438  stm32f0xx_hal_uart.o(i.UART_SetConfig)
    UART_Start_Receive_DMA                   0x080067a9   Thumb Code   206  stm32f0xx_hal_uart.o(i.UART_Start_Receive_DMA)
    UART_WaitOnFlagUntilTimeout              0x08006885   Thumb Code   172  stm32f0xx_hal_uart.o(i.UART_WaitOnFlagUntilTimeout)
    USART2_IRQHandler                        0x08006931   Thumb Code    10  stm32f0xx_it.o(i.USART2_IRQHandler)
    WATER_METER_RESET_FN                     0x08006941   Thumb Code   264  main.o(i.WATER_METER_RESET_FN)
    WATER_METER_WRITE                        0x08006ac9   Thumb Code    50  main.o(i.WATER_METER_WRITE)
    __ARM_common_ll_muluu                    0x08006b0d   Thumb Code    48  stm32f0xx_hal_rcc.o(i.__ARM_common_ll_muluu)
    _is_digit                                0x08006bc7   Thumb Code    14  __printf_wp.o(i._is_digit)
    apn_msg_confirmed                        0x08006bd5   Thumb Code    30  pkt_pub.o(i.apn_msg_confirmed)
    apn_set_menu                             0x08006c19   Thumb Code   378  main.o(i.apn_set_menu)
    bt_apn_parser                            0x08006e31   Thumb Code   200  remote_config.o(i.bt_apn_parser)
    check_mqtt_status                        0x08006f15   Thumb Code    20  ec_200_lib.o(i.check_mqtt_status)
    check_sub_data_fn                        0x08006f31   Thumb Code  1332  main.o(i.check_sub_data_fn)
    chk_cloud_conn                           0x08007465   Thumb Code   188  main.o(i.chk_cloud_conn)
    cloudSetting                             0x08007561   Thumb Code   896  main.o(i.cloudSetting)
    cloud_set_menu                           0x080079dd   Thumb Code   272  main.o(i.cloud_set_menu)
    cwm_msg_confirmed                        0x08007b31   Thumb Code    30  pkt_pub.o(i.cwm_msg_confirmed)
    data_error                               0x08007b75   Thumb Code   106  main.o(i.data_error)
    detect_sim                               0x08007be5   Thumb Code    44  ec_200_lib.o(i.detect_sim)
    dig                                      0x08007c25   Thumb Code   454  main.o(i.dig)
    get_imei                                 0x08007e5d   Thumb Code    40  ec_200_lib.o(i.get_imei)
    get_time_sim                             0x08007e95   Thumb Code    20  ec_200_lib.o(i.get_time_sim)
    ipSet                                    0x08007eb1   Thumb Code  1394  main.o(i.ipSet)
    j_str_validity_fn                        0x0800846d   Thumb Code    46  main.o(i.j_str_validity_fn)
    keep_alive                               0x080084a9   Thumb Code    20  ec_200_lib.o(i.keep_alive)
    lcd_off                                  0x080084c5   Thumb Code    22  main.o(i.lcd_off)
    lcd_on                                   0x080084e5   Thumb Code    26  main.o(i.lcd_on)
    lfs_msg_confirmed                        0x0800850d   Thumb Code    30  pkt_pub.o(i.lfs_msg_confirmed)
    main                                     0x08008551   Thumb Code  6702  main.o(i.main)
    mcp_init                                 0x08009fad   Thumb Code    84  mcp23017.o(i.mcp_init)
    mqtt_reconnect                           0x0800a009   Thumb Code    74  main.o(i.mqtt_reconnect)
    mqtt_val_parser                          0x0800a06d   Thumb Code   296  remote_config.o(i.mqtt_val_parser)
    mqtt_valve_output                        0x0800a1bd   Thumb Code   586  main.o(i.mqtt_valve_output)
    network_boot_chk                         0x0800a425   Thumb Code   234  main.o(i.network_boot_chk)
    network_chk                              0x0800a561   Thumb Code   298  main.o(i.network_chk)
    nw_err_validity_boot_fn                  0x0800a6f9   Thumb Code    26  main.o(i.nw_err_validity_boot_fn)
    nw_err_validity_fn                       0x0800a71d   Thumb Code    34  main.o(i.nw_err_validity_fn)
    one_digit_parser_2nd_config              0x0800a749   Thumb Code   166  remote_config.o(i.one_digit_parser_2nd_config)
    pit_msg_confirmed                        0x0800a80d   Thumb Code    30  pkt_pub.o(i.pit_msg_confirmed)
    pkt_t_msg_confirmed                      0x0800a851   Thumb Code    30  pkt_pub.o(i.pkt_t_msg_confirmed)
    pub_boot_msg                             0x0800a895   Thumb Code    30  pkt_pub.o(i.pub_boot_msg)
    pub_live_msg                             0x0800a8d9   Thumb Code   270  pkt_pub.o(i.pub_live_msg)
    pub_msg                                  0x0800aa39   Thumb Code    70  ec_200_lib.o(i.pub_msg)
    pub_msg_confirmed                        0x0800aab5   Thumb Code    30  pkt_pub.o(i.pub_msg_confirmed)
    pub_msg_sch                              0x0800aaf9   Thumb Code   300  main.o(i.pub_msg_sch)
    reset_lcd_init_timer                     0x0800ac69   Thumb Code    12  main.o(i.reset_lcd_init_timer)
    rns_msg_confirmed                        0x0800ac7d   Thumb Code    30  pkt_pub.o(i.rns_msg_confirmed)
    rst_msg_confirmed                        0x0800acc1   Thumb Code    30  pkt_pub.o(i.rst_msg_confirmed)
    sensor_setting                           0x0800ad05   Thumb Code   436  main.o(i.sensor_setting)
    serverIP                                 0x0800af2d   Thumb Code    52  ec_200_lib.o(i.serverIP)
    setAPN                                   0x0800af81   Thumb Code    40  ec_200_lib.o(i.setAPN)
    setPort                                  0x0800afd1   Thumb Code  1406  main.o(i.setPort)
    set_date_day_time                        0x0800b599   Thumb Code  1408  main.o(i.set_date_day_time)
    set_nw_auto                              0x0800bb41   Thumb Code    44  ec_200_lib.o(i.set_nw_auto)
    set_userpwd                              0x0800bb81   Thumb Code    40  ec_200_lib.o(i.set_userpwd)
    sig_strength                             0x0800bbe1   Thumb Code   248  main.o(i.sig_strength)
    signal_strengt                           0x0800bd1d   Thumb Code    40  ec_200_lib.o(i.signal_strengt)
    start_modem                              0x0800bd55   Thumb Code    86  ec_200_lib.o(i.start_modem)
    start_modem_config                       0x0800bdb5   Thumb Code   926  main.o(i.start_modem_config)
    stat_error_chk_fn                        0x0800c289   Thumb Code    48  main.o(i.stat_error_chk_fn)
    stop_all_valve                           0x0800c2dd   Thumb Code   104  main.o(i.stop_all_valve)
    stop_modem                               0x0800c35d   Thumb Code    86  ec_200_lib.o(i.stop_modem)
    sub_topic                                0x0800c3bd   Thumb Code    40  ec_200_lib.o(i.sub_topic)
    test_mode                                0x0800c405   Thumb Code  1662  main.o(i.test_mode)
    testgsm                                  0x0800cae5   Thumb Code    36  ec_200_lib.o(i.testgsm)
    _get_lc_ctype                            0x0800cb19   Thumb Code    44  lc_ctype_c.o(locale$$code)
    AHBPrescTable                            0x0800ccf8   Data          16  system_stm32f0xx.o(.constdata)
    APBPrescTable                            0x0800cd08   Data           8  system_stm32f0xx.o(.constdata)
    Region$$Table$$Base                      0x0800cd88   Number         0  anon$$obj.o(Region$$Table)
    Region$$Table$$Limit                     0x0800cda8   Number         0  anon$$obj.o(Region$$Table)
    __ctype                                  0x0800cdb5   Data           0  lc_ctype_c.o(locale$$data)
    buff                                     0x20000000   Data           2  main.o(.data)
    buff1                                    0x20000002   Data           2  main.o(.data)
    Head                                     0x20000004   Data           4  main.o(.data)
    Tail                                     0x20000008   Data           4  main.o(.data)
    buff_time1                               0x2000000c   Data           6  main.o(.data)
    buff_date                                0x20000012   Data          11  main.o(.data)
    Sim_detected_flag                        0x2000001d   Data           1  main.o(.data)
    CNDTR_Buff_check                         0x2000001e   Data           2  main.o(.data)
    CNDTR_Buff_check_previous                0x20000020   Data           2  main.o(.data)
    stat_error_chk_flag                      0x20000022   Data           1  main.o(.data)
    low_2nd_error_chk_flag                   0x20000023   Data           1  main.o(.data)
    exemp_case_flag                          0x20000024   Data           1  main.o(.data)
    sub_receive_flag                         0x20000025   Data           1  main.o(.data)
    minute_counter_mqtt_check                0x20000026   Data           1  main.o(.data)
    mqtt_connected_flag                      0x20000027   Data           1  main.o(.data)
    minute_counter_mqtt_check_flag           0x20000028   Data           1  main.o(.data)
    signal_strength_flag                     0x20000029   Data           1  main.o(.data)
    buff_signal_strength                     0x2000002a   Data          12  main.o(.data)
    buff_signal_strength_data                0x20000036   Data           2  main.o(.data)
    duration_tick_flag                       0x20000038   Data           4  main.o(.data)
    duration_tick_flag_B                     0x2000003c   Data           4  main.o(.data)
    get_val_M                                0x20000040   Data           1  main.o(.data)
    val_M                                    0x20000041   Data           1  main.o(.data)
    val_PB                                   0x20000042   Data           6  main.o(.data)
    val_PA                                   0x20000048   Data           8  main.o(.data)
    halt_alloperation                        0x20000050   Data           1  main.o(.data)
    no_cloud_val_off_flg                     0x20000051   Data           1  main.o(.data)
    menu_flg                                 0x20000052   Data           1  main.o(.data)
    pumpInitiationTimeSecs                   0x20000053   Data           1  main.o(.data)
    pit_val_chk                              0x20000054   Data           1  main.o(.data)
    pit_count                                0x20000055   Data           1  main.o(.data)
    pit_count_up_flg                         0x20000056   Data           1  main.o(.data)
    lf_val_stop_flg                          0x20000057   Data           1  main.o(.data)
    timer_uart_chk_flg                       0x20000058   Data           1  main.o(.data)
    uart_reset_timer                         0x20000059   Data           1  main.o(.data)
    uart_reset_flg                           0x2000005a   Data           1  main.o(.data)
    min_count                                0x2000005b   Data           1  main.o(.data)
    val_SS_M                                 0x2000005c   Data           2  main.o(.data)
    val_SS_PB                                0x2000005e   Data           6  main.o(.data)
    val_SS_PA                                0x20000064   Data           8  main.o(.data)
    custom_pkt_time                          0x2000006c   Data           2  main.o(.data)
    custom_pkt_time_val_chk                  0x2000006e   Data           2  main.o(.data)
    pkt_t_store_bit                          0x20000070   Data           1  main.o(.data)
    day_reset                                0x20000074   Data           4  main.o(.data)
    reset_counter                            0x20000078   Data           4  main.o(.data)
    no_sim_counter                           0x2000007c   Data           1  main.o(.data)
    live_pkt_reconnect_flag                  0x2000007d   Data           1  main.o(.data)
    sensor_status                            0x2000007e   Data           1  main.o(.data)
    Run_State                                0x2000007f   Data           1  main.o(.data)
    rain_read_disable_flg                    0x20000080   Data           1  main.o(.data)
    rain_status1                             0x20000081   Data           1  main.o(.data)
    rain_status                              0x20000082   Data           1  main.o(.data)
    lf_read_disable_flg                      0x20000083   Data           1  main.o(.data)
    low_flow_status1                         0x20000084   Data           1  main.o(.data)
    low_flow_status                          0x20000085   Data           1  main.o(.data)
    low_flow_off_flg                         0x20000086   Data           1  main.o(.data)
    Head_data6                               0x20000088   Data           4  main.o(.data)
    Tail_data6                               0x2000008c   Data           4  main.o(.data)
    Head_data5                               0x20000090   Data           4  main.o(.data)
    Tail_data5                               0x20000094   Data           4  main.o(.data)
    Head_data4                               0x20000098   Data           4  main.o(.data)
    Tail_data4                               0x2000009c   Data           4  main.o(.data)
    Head_data3                               0x200000a0   Data           4  main.o(.data)
    Tail_data3                               0x200000a4   Data           4  main.o(.data)
    Head_data2                               0x200000a8   Data           4  main.o(.data)
    Tail_data2                               0x200000ac   Data           4  main.o(.data)
    Head_data1                               0x200000b0   Data           4  main.o(.data)
    Tail_data1                               0x200000b4   Data           4  main.o(.data)
    Head_data                                0x200000b8   Data           4  main.o(.data)
    Tail_data                                0x200000bc   Data           4  main.o(.data)
    modem_restart_flag                       0x200000c0   Data           1  main.o(.data)
    k_t                                      0x200000c4   Data           4  main.o(.data)
    m_t                                      0x200000c8   Data           4  main.o(.data)
    F_data                                   0x200000cc   Data           4  main.o(.data)
    C_data                                   0x200000d0   Data           4  main.o(.data)
    D_data                                   0x200000d4   Data           4  main.o(.data)
    vidxi                                    0x200000d8   Data           1  main.o(.data)
    uart_ERROR                               0x200000d9   Data           1  main.o(.data)
    lcd_on_flag                              0x200000dc   Data           4  main.o(.data)
    apn                                      0x200000e0   Data          65  main.o(.data)
    server                                   0x20000121   Data          16  main.o(.data)
    port                                     0x20000131   Data           6  main.o(.data)
    rep_v                                    0x20000137   Data           1  main.o(.data)
    rep_stop                                 0x20000138   Data           1  main.o(.data)
    reconnect_cn                             0x20000139   Data           1  main.o(.data)
    retry_flg                                0x2000013a   Data           1  main.o(.data)
    sim_problem                              0x2000013b   Data           1  main.o(.data)
    time_ok                                  0x2000013c   Data           1  main.o(.data)
    ip_save_flg                              0x2000013d   Data           1  main.o(.data)
    ip_no_yes                                0x2000013e   Data           2  main.o(.data)
    ip_setup                                 0x20000140   Data           1  main.o(.data)
    ip_setup_w_loop                          0x20000141   Data           1  main.o(.data)
    sw5_ip_flg                               0x20000142   Data           1  main.o(.data)
    oct_1                                    0x20000143   Data           1  main.o(.data)
    oct_2                                    0x20000144   Data           1  main.o(.data)
    oct_3                                    0x20000145   Data           1  main.o(.data)
    oct_4                                    0x20000146   Data           1  main.o(.data)
    choice_ip                                0x20000147   Data           8  main.o(.data)
    lcd_prob                                 0x2000014f   Data           1  main.o(.data)
    LCD_Init_timer_flg                       0x20000150   Data           1  main.o(.data)
    key_idx                                  0x20000151   Data           1  main.o(.data)
    j_str_validity_flag                      0x20000152   Data           1  main.o(.data)
    j_str_validity_flag_2                    0x20000153   Data           1  main.o(.data)
    m_id                                     0x20000154   Data           1  main.o(.data)
    factory_reset_flg                        0x20000155   Data           1  main.o(.data)
    dig_id                                   0x20000156   Data           1  main.o(.data)
    low_flow_corr_dur_flg                    0x20000157   Data           1  main.o(.data)
    lff_status                               0x20000158   Data           1  main.o(.data)
    lf_alert_state_flg                       0x20000159   Data           1  main.o(.data)
    rain_alert_flg                           0x2000015a   Data           1  main.o(.data)
    reg_state_2_run                          0x2000015b   Data           1  main.o(.data)
    reg_state_2_run_pkt_flg                  0x2000015c   Data           1  main.o(.data)
    lf_corr_flg                              0x2000015d   Data           1  main.o(.data)
    k_cen                                    0x2000015e   Data           2  main.o(.data)
    j_cen                                    0x20000160   Data           2  main.o(.data)
    mcp_return                               0x20000162   Data           1  main.o(.data)
    mcp_mode_return                          0x20000163   Data           1  main.o(.data)
    mcp_error_flg                            0x20000164   Data           1  main.o(.data)
    t_var                                    0x20000165   Data           1  main.o(.data)
    dataa                                    0x20000166   Data           1  main.o(.data)
    pgA_complete_flg                         0x20000167   Data           1  main.o(.data)
    shift_data                               0x20000168   Data           1  main.o(.data)
    pcf_dataa                                0x20000169   Data           1  main.o(.data)
    mcp_pre_val_A                            0x2000016a   Data           1  main.o(.data)
    mcp_pre_val_B                            0x2000016b   Data           1  main.o(.data)
    after_flush_valve                        0x2000016c   Data           1  main.o(.data)
    Time_at_sim_disable_flg                  0x2000016d   Data           1  main.o(.data)
    pending_WR_flg                           0x2000016e   Data           1  main.o(.data)
    remote_pg_store                          0x2000016f   Data           1  main.o(.data)
    remote_pg_store_BT                       0x20000170   Data           1  main.o(.data)
    pkt_min_count                            0x20000172   Data           2  main.o(.data)
    modem_reboot_count_on_mains              0x20000174   Data           1  main.o(.data)
    IP_store_bit                             0x20000175   Data           1  main.o(.data)
    APN_store_bit                            0x20000176   Data           1  main.o(.data)
    PORT_store_bit                           0x20000177   Data           1  main.o(.data)
    status_msg_flag                          0x20000178   Data           1  main.o(.data)
    status_chg_flg                           0x20000179   Data           1  main.o(.data)
    pre_pumpstate                            0x2000017a   Data           1  main.o(.data)
    live_msg_flg                             0x2000017b   Data           1  main.o(.data)
    vs                                       0x2000017c   Data           1  main.o(.data)
    pass_flg                                 0x2000017d   Data           1  main.o(.data)
    sys_fn_flg                               0x2000017e   Data           1  main.o(.data)
    pass_bit_store                           0x2000017f   Data           1  main.o(.data)
    pass_ev                                  0x20000180   Data           4  main.o(.data)
    entered_pass                             0x20000184   Data           2  main.o(.data)
    emergency_bt_flg                         0x20000186   Data           1  main.o(.data)
    emergency_val_off_flg                    0x20000187   Data           1  main.o(.data)
    emergency_blck_flg                       0x20000188   Data           1  main.o(.data)
    dma_enable                               0x20000189   Data           1  main.o(.data)
    nw_err_validity_boot_flag                0x2000018a   Data           1  main.o(.data)
    nw_err_validity_flag                     0x2000018b   Data           1  main.o(.data)
    pulse_count1                             0x2000018c   Data           1  main.o(.data)
    seconds_count                            0x2000018d   Data           1  main.o(.data)
    flow_rate1                               0x2000018e   Data           1  main.o(.data)
    Total_Flow1_count                        0x20000190   Data           4  main.o(.data)
    PRE_Total_Flow1_count                    0x20000194   Data           4  main.o(.data)
    water_flg                                0x20000198   Data           1  main.o(.data)
    flow_pulse_store_flg                     0x20000199   Data           1  main.o(.data)
    buff_date_yy                             0x2000019a   Data           5  main.o(.data)
    buff_date_dd                             0x2000019f   Data           3  main.o(.data)
    buff_date_mm                             0x200001a2   Data           3  main.o(.data)
    buff_time1_hrs                           0x200001a5   Data           3  main.o(.data)
    buff_time1_min                           0x200001a8   Data           3  main.o(.data)
    Test                                     0x200001ac   Data           6  ec_200_lib.o(.data)
    Sim_identity                             0x200001b2   Data           9  ec_200_lib.o(.data)
    Stext                                    0x200001bb   Data          11  ec_200_lib.o(.data)
    get_network                              0x200001c6   Data          10  ec_200_lib.o(.data)
    Sstrength                                0x200001d0   Data           8  ec_200_lib.o(.data)
    check_Network                            0x200001d8   Data          10  ec_200_lib.o(.data)
    get_sim_time                             0x200001e2   Data          11  ec_200_lib.o(.data)
    mqtt_check                               0x200001ed   Data          13  ec_200_lib.o(.data)
    BT_OFF                                   0x200001fa   Data          13  ec_200_lib.o(.data)
    BT_PWR                                   0x20000207   Data          13  ec_200_lib.o(.data)
    BT_ADV_PARA                              0x20000214   Data          35  ec_200_lib.o(.data)
    BT_GATT_SRVC                             0x20000237   Data          25  ec_200_lib.o(.data)
    BT_GATT_CHR                              0x20000250   Data          30  ec_200_lib.o(.data)
    BT_CONF_CHR                              0x2000026e   Data          40  ec_200_lib.o(.data)
    BT_CHR_DESC                              0x20000296   Data          40  ec_200_lib.o(.data)
    BT_CLR_SRVC                              0x200002be   Data          55  ec_200_lib.o(.data)
    BT_CLR_SRVC2                             0x200002f5   Data          20  ec_200_lib.o(.data)
    BT_CLR_ADV2                              0x20000309   Data          15  ec_200_lib.o(.data)
    keepAlive                                0x20000318   Data          35  ec_200_lib.o(.data)
    stop_echo                                0x2000033b   Data           7  ec_200_lib.o(.data)
    at_imei                                  0x20000342   Data           8  ec_200_lib.o(.data)
    emqx                                     0x2000034a   Data          60  ec_200_lib.o(.data)
    msg_len                                  0x20000386   Data           2  ec_200_lib.o(.data)
    modem_state                              0x20000388   Data           1  ec_200_lib.o(.data)
    cyclic_dma                               0x20000389   Data           1  ec_200_lib.o(.data)
    state                                    0x2000038a   Data           1  ec_200_lib.o(.data)
    topic_pub                                0x2000038b   Data          25  ec_200_lib.o(.data)
    topic_sub                                0x200003a4   Data          25  ec_200_lib.o(.data)
    mode                                     0x200003c0   Data           1  config.o(.data)
    currRTCtimeMins                          0x200003c2   Data           2  config.o(.data)
    dayIdx                                   0x200003c4   Data           1  config.o(.data)
    mains_status                             0x200003c5   Data           1  config.o(.data)
    prevWeekDay                              0x200003c6   Data           1  config.o(.data)
    weekdays                                 0x200003c7   Data           1  config.o(.data)
    pgm_mode                                 0x200003c8   Data           8  config.o(.data)
    pgm_mode_disp                            0x200003d0   Data         144  config.o(.data)
    choice                                   0x20000460   Data           8  config.o(.data)
    week                                     0x20000468   Data          70  config.o(.data)
    months                                   0x200004ae   Data         120  config.o(.data)
    set_DurHrs                               0x20000526   Data          48  config.o(.data)
    set_DurMins                              0x20000556   Data          30  config.o(.data)
    set_DurMins_recharge                     0x20000574   Data          30  config.o(.data)
    set_weekdays                             0x20000592   Data           2  config.o(.data)
    set_DurSecs                              0x20000594   Data          76  config.o(.data)
    duration_tick                            0x200005e0   Data           4  config.o(.data)
    run_mode                                 0x200005e4   Data           1  config.o(.data)
    conf_flag                                0x200005e5   Data           1  config.o(.data)
    sw1                                      0x200005e6   Data           2  config.o(.data)
    sw2                                      0x200005e8   Data           2  config.o(.data)
    sw3                                      0x200005ea   Data           2  config.o(.data)
    swbk                                     0x200005ec   Data           2  config.o(.data)
    swtemp                                   0x200005ee   Data           2  config.o(.data)
    durHrs                                   0x200005f0   Data           4  config.o(.data)
    durMins                                  0x200005f4   Data           4  config.o(.data)
    cnfgDn                                   0x200005f8   Data           4  config.o(.data)
    pgmcnfgDn                                0x200005fc   Data           4  config.o(.data)
    MenuDoneCnt                              0x20000600   Data           4  config.o(.data)
    backflag                                 0x20000604   Data           4  config.o(.data)
    mains_off_flag                           0x20000608   Data           4  config.o(.data)
    mode_flag                                0x2000060c   Data           1  config.o(.data)
    index1                                   0x2000060d   Data           1  config.o(.data)
    date                                     0x2000060e   Data          31  config.o(.data)
    month                                    0x2000062d   Data          12  config.o(.data)
    year                                     0x20000639   Data           7  config.o(.data)
    mins                                     0x20000640   Data          60  config.o(.data)
    day                                      0x2000067c   Data           7  config.o(.data)
    d_t                                      0x20000683   Data           1  config.o(.data)
    get_date                                 0x20000684   Data           4  config.o(.data)
    get_month                                0x20000688   Data           4  config.o(.data)
    get_year                                 0x2000068c   Data           4  config.o(.data)
    get_hrs                                  0x20000690   Data           4  config.o(.data)
    get_mins                                 0x20000694   Data           4  config.o(.data)
    get_day                                  0x20000698   Data           4  config.o(.data)
    input_timeout                            0x2000069c   Data           2  config.o(.data)
    duration                                 0x2000069e   Data           2  config.o(.data)
    menu                                     0x200006a0   Data           1  config.o(.data)
    sw1_max                                  0x200006a1   Data           1  config.o(.data)
    sw2_max                                  0x200006a2   Data           1  config.o(.data)
    swbk_max                                 0x200006a3   Data           1  config.o(.data)
    lcd_retain_flag1                         0x200006a4   Data           1  config.o(.data)
    lcd_retain_flag2                         0x200006a5   Data           1  config.o(.data)
    lcd_timeout                              0x200006a8   Data           4  config.o(.data)
    TotalFlow1Counter                        0x200006ac   Data           1  config.o(.data)
    SW_UPDATE_INTERVAL                       0x200006ae   Data           2  config.o(.data)
    last_update_time_sw1                     0x200006b0   Data           4  config.o(.data)
    current_time                             0x200006b4   Data           4  config.o(.data)
    V_EepromType_U16                         0x200006b8   Data           2  eeprom_at24xxx.o(.data)
    cntr_reset_flg                           0x200006bc   Data           1  pkt_pub.o(.data)
    pkt_id                                   0x200006c0   Data           4  pkt_pub.o(.data)
    idxx                                     0x200006c4   Data           1  remote_config.o(.data)
    op_br_idx                                0x200006c5   Data           1  remote_config.o(.data)
    z                                        0x200006c6   Data           1  remote_config.o(.data)
    ex_vari                                  0x200006c8   Data           8  remote_config.o(.data)
    ex_vars                                  0x200006d0   Data           8  remote_config.o(.data)
    ex_varr                                  0x200006d8   Data           2  remote_config.o(.data)
    colon_idx                                0x200006da   Data           1  remote_config.o(.data)
    uwTick                                   0x200006dc   Data           4  stm32f0xx_hal.o(.data)
    uwTickPrio                               0x200006e0   Data           4  stm32f0xx_hal.o(.data)
    uwTickFreq                               0x200006e4   Data           1  stm32f0xx_hal.o(.data)
    SystemCoreClock                          0x200006e8   Data           4  system_stm32f0xx.o(.data)
    buff_time                                0x200006f0   Data          43  main.o(.bss)
    check_sub_data                           0x2000071b   Data         150  main.o(.bss)
    stat_err_buff                            0x200007b1   Data         150  main.o(.bss)
    low_2nd_err_buff                         0x20000847   Data         150  main.o(.bss)
    buff_Check_conn                          0x200008dd   Data          50  main.o(.bss)
    vv_                                      0x2000090f   Data          16  main.o(.bss)
    extracted_buffer5                        0x2000091f   Data         500  main.o(.bss)
    hi2c1                                    0x20000b14   Data          84  main.o(.bss)
    hi2c2                                    0x20000b68   Data          84  main.o(.bss)
    hiwdg                                    0x20000bbc   Data          16  main.o(.bss)
    hrtc                                     0x20000bcc   Data          32  main.o(.bss)
    htim6                                    0x20000bec   Data          72  main.o(.bss)
    htim14                                   0x20000c34   Data          72  main.o(.bss)
    htim16                                   0x20000c7c   Data          72  main.o(.bss)
    huart2                                   0x20000cc4   Data         136  main.o(.bss)
    hdma_usart2_rx                           0x20000d4c   Data          68  main.o(.bss)
    hdma_usart2_tx                           0x20000d90   Data          68  main.o(.bss)
    c_ip                                     0x20000dd4   Data          16  main.o(.bss)
    nw_err_buff                              0x20000de4   Data          60  main.o(.bss)
    BT_ADV_DATA                              0x20000e20   Data          75  ec_200_lib.o(.bss)
    BT_SEND_CMD_TO_PHONE                     0x20000e6b   Data          40  ec_200_lib.o(.bss)
    BT_pkt_to_phone                          0x20000e93   Data         500  ec_200_lib.o(.bss)
    userpwd                                  0x20001087   Data          75  ec_200_lib.o(.bss)
    topic1                                   0x200010d2   Data          45  ec_200_lib.o(.bss)
    pub                                      0x200010ff   Data          70  ec_200_lib.o(.bss)
    setapn                                   0x20001145   Data         105  ec_200_lib.o(.bss)
    send_msg                                 0x200011ae   Data         220  ec_200_lib.o(.bss)
    Reply                                    0x2000128a   Data        1000  ec_200_lib.o(.bss)
    RxBuf                                    0x20001672   Data          14  ec_200_lib.o(.bss)
    imei_id                                  0x20001680   Data          16  ec_200_lib.o(.bss)
    weekday                                  0x20001690   Data          16  config.o(.bss)
    lcd_data                                 0x200016a0   Data         100  config.o(.bss)
    msg                                      0x20001704   Data          40  config.o(.bss)
    ex_var                                   0x2000172c   Data          48  remote_config.o(.bss)
    extract_str                              0x2000175c   Data         130  remote_config.o(.bss)
    bt_time_val                              0x200017de   Data          12  remote_config.o(.bss)
    j_str                                    0x200017ea   Data         700  remote_config.o(.bss)
    __libspace_start                         0x20001aa8   Data          96  libspace.o(.bss)
    __temporary_stack_top$libspace           0x20001b08   Data           0  libspace.o(.bss)



==============================================================================

Memory Map of the image

  Image Entry point : 0x080000b9

  Load Region LR_IROM1 (Base: 0x08000000, Size: 0x0000d5a8, Max: 0x00040000, ABSOLUTE, COMPRESSED[0x0000d1e4])

    Execution Region ER_IROM1 (Exec base: 0x08000000, Load base: 0x08000000, Size: 0x0000ceb8, Max: 0x00040000, ABSOLUTE)

    Exec Addr    Load Addr    Size         Type   Attr      Idx    E Section Name        Object

    0x08000000   0x08000000   0x000000b8   Data   RO            3    RESET               startup_stm32f030xc.o
    0x080000b8   0x080000b8   0x00000008   Code   RO         4515  * !!!main             c_p.l(__main.o)
    0x080000c0   0x080000c0   0x0000003c   Code   RO         4732    !!!scatter          c_p.l(__scatter.o)
    0x080000fc   0x080000fc   0x0000001c   Code   RO         4734    !!handler_zi        c_p.l(__scatter_zi.o)
    0x08000118   0x08000118   0x00000002   Code   RO         4487    .ARM.Collect$$_printf_percent$$00000000  c_p.l(_printf_percent.o)
    0x0800011a   0x0800011a   0x0000000a   Code   RO         4485    .ARM.Collect$$_printf_percent$$00000009  c_p.l(_printf_d.o)
    0x08000124   0x08000124   0x0000000a   Code   RO         4486    .ARM.Collect$$_printf_percent$$0000000A  c_p.l(_printf_u.o)
    0x0800012e   0x0800012e   0x0000000a   Code   RO         4482    .ARM.Collect$$_printf_percent$$00000013  c_p.l(_printf_c.o)
    0x08000138   0x08000138   0x0000000a   Code   RO         4483    .ARM.Collect$$_printf_percent$$00000014  c_p.l(_printf_s.o)
    0x08000142   0x08000142   0x00000004   Code   RO         4539    .ARM.Collect$$_printf_percent$$00000017  c_p.l(_printf_percent_end.o)
    0x08000146   0x08000146   0x00000002   Code   RO         4600    .ARM.Collect$$libinit$$00000000  c_p.l(libinit.o)
    0x08000148   0x08000148   0x00000000   Code   RO         4613    .ARM.Collect$$libinit$$00000002  c_p.l(libinit2.o)
    0x08000148   0x08000148   0x00000000   Code   RO         4615    .ARM.Collect$$libinit$$00000004  c_p.l(libinit2.o)
    0x08000148   0x08000148   0x00000000   Code   RO         4618    .ARM.Collect$$libinit$$0000000A  c_p.l(libinit2.o)
    0x08000148   0x08000148   0x00000000   Code   RO         4620    .ARM.Collect$$libinit$$0000000C  c_p.l(libinit2.o)
    0x08000148   0x08000148   0x00000000   Code   RO         4622    .ARM.Collect$$libinit$$0000000E  c_p.l(libinit2.o)
    0x08000148   0x08000148   0x00000006   Code   RO         4623    .ARM.Collect$$libinit$$0000000F  c_p.l(libinit2.o)
    0x0800014e   0x0800014e   0x00000000   Code   RO         4625    .ARM.Collect$$libinit$$00000011  c_p.l(libinit2.o)
    0x0800014e   0x0800014e   0x0000000c   Code   RO         4626    .ARM.Collect$$libinit$$00000012  c_p.l(libinit2.o)
    0x0800015a   0x0800015a   0x00000000   Code   RO         4627    .ARM.Collect$$libinit$$00000013  c_p.l(libinit2.o)
    0x0800015a   0x0800015a   0x00000000   Code   RO         4629    .ARM.Collect$$libinit$$00000015  c_p.l(libinit2.o)
    0x0800015a   0x0800015a   0x00000000   Code   RO         4631    .ARM.Collect$$libinit$$00000017  c_p.l(libinit2.o)
    0x0800015a   0x0800015a   0x00000000   Code   RO         4633    .ARM.Collect$$libinit$$00000019  c_p.l(libinit2.o)
    0x0800015a   0x0800015a   0x00000000   Code   RO         4635    .ARM.Collect$$libinit$$0000001B  c_p.l(libinit2.o)
    0x0800015a   0x0800015a   0x00000000   Code   RO         4637    .ARM.Collect$$libinit$$0000001D  c_p.l(libinit2.o)
    0x0800015a   0x0800015a   0x00000000   Code   RO         4639    .ARM.Collect$$libinit$$0000001F  c_p.l(libinit2.o)
    0x0800015a   0x0800015a   0x00000000   Code   RO         4641    .ARM.Collect$$libinit$$00000021  c_p.l(libinit2.o)
    0x0800015a   0x0800015a   0x00000000   Code   RO         4643    .ARM.Collect$$libinit$$00000023  c_p.l(libinit2.o)
    0x0800015a   0x0800015a   0x00000000   Code   RO         4645    .ARM.Collect$$libinit$$00000025  c_p.l(libinit2.o)
    0x0800015a   0x0800015a   0x00000000   Code   RO         4649    .ARM.Collect$$libinit$$0000002C  c_p.l(libinit2.o)
    0x0800015a   0x0800015a   0x00000000   Code   RO         4651    .ARM.Collect$$libinit$$0000002E  c_p.l(libinit2.o)
    0x0800015a   0x0800015a   0x00000000   Code   RO         4653    .ARM.Collect$$libinit$$00000030  c_p.l(libinit2.o)
    0x0800015a   0x0800015a   0x00000000   Code   RO         4655    .ARM.Collect$$libinit$$00000032  c_p.l(libinit2.o)
    0x0800015a   0x0800015a   0x00000002   Code   RO         4656    .ARM.Collect$$libinit$$00000033  c_p.l(libinit2.o)
    0x0800015c   0x0800015c   0x00000002   Code   RO         4687    .ARM.Collect$$libshutdown$$00000000  c_p.l(libshutdown.o)
    0x0800015e   0x0800015e   0x00000000   Code   RO         4713    .ARM.Collect$$libshutdown$$00000002  c_p.l(libshutdown2.o)
    0x0800015e   0x0800015e   0x00000000   Code   RO         4715    .ARM.Collect$$libshutdown$$00000004  c_p.l(libshutdown2.o)
    0x0800015e   0x0800015e   0x00000000   Code   RO         4718    .ARM.Collect$$libshutdown$$00000007  c_p.l(libshutdown2.o)
    0x0800015e   0x0800015e   0x00000000   Code   RO         4721    .ARM.Collect$$libshutdown$$0000000A  c_p.l(libshutdown2.o)
    0x0800015e   0x0800015e   0x00000000   Code   RO         4723    .ARM.Collect$$libshutdown$$0000000C  c_p.l(libshutdown2.o)
    0x0800015e   0x0800015e   0x00000000   Code   RO         4726    .ARM.Collect$$libshutdown$$0000000F  c_p.l(libshutdown2.o)
    0x0800015e   0x0800015e   0x00000002   Code   RO         4727    .ARM.Collect$$libshutdown$$00000010  c_p.l(libshutdown2.o)
    0x08000160   0x08000160   0x00000000   Code   RO         4517    .ARM.Collect$$rtentry$$00000000  c_p.l(__rtentry.o)
    0x08000160   0x08000160   0x00000000   Code   RO         4550    .ARM.Collect$$rtentry$$00000002  c_p.l(__rtentry2.o)
    0x08000160   0x08000160   0x00000006   Code   RO         4562    .ARM.Collect$$rtentry$$00000004  c_p.l(__rtentry4.o)
    0x08000166   0x08000166   0x00000000   Code   RO         4552    .ARM.Collect$$rtentry$$00000009  c_p.l(__rtentry2.o)
    0x08000166   0x08000166   0x00000004   Code   RO         4553    .ARM.Collect$$rtentry$$0000000A  c_p.l(__rtentry2.o)
    0x0800016a   0x0800016a   0x00000000   Code   RO         4555    .ARM.Collect$$rtentry$$0000000C  c_p.l(__rtentry2.o)
    0x0800016a   0x0800016a   0x00000008   Code   RO         4556    .ARM.Collect$$rtentry$$0000000D  c_p.l(__rtentry2.o)
    0x08000172   0x08000172   0x00000002   Code   RO         4602    .ARM.Collect$$rtexit$$00000000  c_p.l(rtexit.o)
    0x08000174   0x08000174   0x00000000   Code   RO         4660    .ARM.Collect$$rtexit$$00000002  c_p.l(rtexit2.o)
    0x08000174   0x08000174   0x00000004   Code   RO         4661    .ARM.Collect$$rtexit$$00000003  c_p.l(rtexit2.o)
    0x08000178   0x08000178   0x00000006   Code   RO         4662    .ARM.Collect$$rtexit$$00000004  c_p.l(rtexit2.o)
    0x0800017e   0x0800017e   0x00000002   PAD
    0x08000180   0x08000180   0x00000038   Code   RO         4499    .emb_text           c_p.l(rt_memcpy.o)
    0x080001b8   0x080001b8   0x00000038   Code   RO            4    .text               startup_stm32f030xc.o
    0x080001f0   0x080001f0   0x00000102   Code   RO         4427    .text               c_p.l(lludiv.o)
    0x080002f2   0x080002f2   0x00000002   PAD
    0x080002f4   0x080002f4   0x00000028   Code   RO         4431    .text               c_p.l(noretval__2sprintf.o)
    0x0800031c   0x0800031c   0x0000004e   Code   RO         4435    .text               c_p.l(_printf_pad.o)
    0x0800036a   0x0800036a   0x00000052   Code   RO         4437    .text               c_p.l(_printf_str.o)
    0x080003bc   0x080003bc   0x0000006c   Code   RO         4439    .text               c_p.l(_printf_dec.o)
    0x08000428   0x08000428   0x00000138   Code   RO         4474    .text               c_p.l(__printf_flags_wp.o)
    0x08000560   0x08000560   0x0000001a   Code   RO         4488    .text               c_p.l(atoi.o)
    0x0800057a   0x0800057a   0x00000002   PAD
    0x0800057c   0x0800057c   0x00000010   Code   RO         4490    .text               c_p.l(strtok.o)
    0x0800058c   0x0800058c   0x00000028   Code   RO         4493    .text               c_p.l(strstr.o)
    0x080005b4   0x080005b4   0x00000044   Code   RO         4495    .text               c_p.l(strlen.o)
    0x080005f8   0x080005f8   0x00000018   Code   RO         4497    .text               c_p.l(strcat.o)
    0x08000610   0x08000610   0x00000082   Code   RO         4500    .text               c_p.l(rt_memcpy.o)
    0x08000692   0x08000692   0x00000096   Code   RO         4503    .text               c_p.l(rt_memmove.o)
    0x08000728   0x08000728   0x00000040   Code   RO         4505    .text               c_p.l(rt_memclr.o)
    0x08000768   0x08000768   0x0000006c   Code   RO         4507    .text               c_p.l(strncpy.o)
    0x080007d4   0x080007d4   0x0000015a   Code   RO         4509    .text               c_p.l(aeabi_sdiv.o)
    0x0800092e   0x0800092e   0x00000006   Code   RO         4513    .text               c_p.l(heapauxi.o)
    0x08000934   0x08000934   0x00000008   Code   RO         4529    .text               c_p.l(rt_errno_addr_intlibspace.o)
    0x0800093c   0x0800093c   0x000000b0   Code   RO         4531    .text               c_p.l(_printf_intcommon.o)
    0x080009ec   0x080009ec   0x00000030   Code   RO         4533    .text               c_p.l(_printf_char_common.o)
    0x08000a1c   0x08000a1c   0x0000000a   Code   RO         4535    .text               c_p.l(_sputc.o)
    0x08000a26   0x08000a26   0x0000002e   Code   RO         4537    .text               c_p.l(_printf_char.o)
    0x08000a54   0x08000a54   0x00000070   Code   RO         4540    .text               c_p.l(strtol.o)
    0x08000ac4   0x08000ac4   0x00000048   Code   RO         4542    .text               c_p.l(strtok_int.o)
    0x08000b0c   0x08000b0c   0x00000028   Code   RO         4544    .text               c_p.l(rtudiv10.o)
    0x08000b34   0x08000b34   0x00000008   Code   RO         4546    .text               c_p.l(libspace.o)
    0x08000b3c   0x08000b3c   0x00000010   Code   RO         4564    .text               c_p.l(rt_ctype_table.o)
    0x08000b4c   0x08000b4c   0x000000a6   Code   RO         4570    .text               c_p.l(_strtoul.o)
    0x08000bf2   0x08000bf2   0x00000022   Code   RO         4572    .text               c_p.l(strcspn.o)
    0x08000c14   0x08000c14   0x00000020   Code   RO         4574    .text               c_p.l(strspn.o)
    0x08000c34   0x08000c34   0x0000003e   Code   RO         4576    .text               c_p.l(sys_stackheap_outer.o)
    0x08000c72   0x08000c72   0x00000002   PAD
    0x08000c74   0x08000c74   0x00000008   Code   RO         4582    .text               c_p.l(rt_locale_intlibspace.o)
    0x08000c7c   0x08000c7c   0x0000001e   Code   RO         4584    .text               c_p.l(_chval.o)
    0x08000c9a   0x08000c9a   0x00000010   Code   RO         4589    .text               c_p.l(exit.o)
    0x08000caa   0x08000caa   0x00000002   PAD
    0x08000cac   0x08000cac   0x00000088   Code   RO         4610    .text               c_p.l(strcmp.o)
    0x08000d34   0x08000d34   0x0000000c   Code   RO         4657    .text               c_p.l(sys_exit.o)
    0x08000d40   0x08000d40   0x00000002   Code   RO         4676    .text               c_p.l(use_no_semi.o)
    0x08000d42   0x08000d42   0x00000000   Code   RO         4678    .text               c_p.l(indicate_semi.o)
    0x08000d42   0x08000d42   0x00000056   Code   RO         4730    .text               c_p.l(__dczerorl2.o)
    0x08000d98   0x08000d98   0x000002cc   Code   RO           12    i.APN_IP_n_PASS_READ  main.o
    0x08001064   0x08001064   0x0000001c   Code   RO           13    i.APN_SET_FN        main.o
    0x08001080   0x08001080   0x000000dc   Code   RO           14    i.APN_SET_REMOTE    main.o
    0x0800115c   0x0800115c   0x00000018   Code   RO          495    i.DMA1_Channel4_5_IRQHandler  stm32f0xx_it.o
    0x08001174   0x08001174   0x00000020   Code   RO         2022    i.DMA_CalcBaseAndBitshift  stm32f0xx_hal_dma.o
    0x08001194   0x08001194   0x0000002a   Code   RO         2023    i.DMA_SetConfig     stm32f0xx_hal_dma.o
    0x080011be   0x080011be   0x00000002   PAD
    0x080011c0   0x080011c0   0x0000000c   Code   RO          831    i.EEPROM_Init       eeprom_at24xxx.o
    0x080011cc   0x080011cc   0x00000060   Code   RO          832    i.EEPROM_ReadByte   eeprom_at24xxx.o
    0x0800122c   0x0800122c   0x0000002c   Code   RO          833    i.EEPROM_ReadNBytes  eeprom_at24xxx.o
    0x08001258   0x08001258   0x00000058   Code   RO          835    i.EEPROM_WriteByte  eeprom_at24xxx.o
    0x080012b0   0x080012b0   0x0000002c   Code   RO          836    i.EEPROM_WriteNBytes  eeprom_at24xxx.o
    0x080012dc   0x080012dc   0x00000010   Code   RO          496    i.EXTI0_1_IRQHandler  stm32f0xx_it.o
    0x080012ec   0x080012ec   0x0000001e   Code   RO          497    i.EXTI4_15_IRQHandler  stm32f0xx_it.o
    0x0800130a   0x0800130a   0x00000006   Code   RO           15    i.Error_Handler     main.o
    0x08001310   0x08001310   0x0000019c   Code   RO           16    i.FACTORY_RESET     main.o
    0x080014ac   0x080014ac   0x00000052   Code   RO         2024    i.HAL_DMA_Abort     stm32f0xx_hal_dma.o
    0x080014fe   0x080014fe   0x00000058   Code   RO         2025    i.HAL_DMA_Abort_IT  stm32f0xx_hal_dma.o
    0x08001556   0x08001556   0x00000058   Code   RO         2026    i.HAL_DMA_DeInit    stm32f0xx_hal_dma.o
    0x080015ae   0x080015ae   0x000000f0   Code   RO         2029    i.HAL_DMA_IRQHandler  stm32f0xx_hal_dma.o
    0x0800169e   0x0800169e   0x00000002   PAD
    0x080016a0   0x080016a0   0x0000005c   Code   RO         2030    i.HAL_DMA_Init      stm32f0xx_hal_dma.o
    0x080016fc   0x080016fc   0x0000009a   Code   RO         2034    i.HAL_DMA_Start_IT  stm32f0xx_hal_dma.o
    0x08001796   0x08001796   0x00000002   PAD
    0x08001798   0x08001798   0x0000002c   Code   RO         1807    i.HAL_Delay         stm32f0xx_hal.o
    0x080017c4   0x080017c4   0x00000108   Code   RO         1960    i.HAL_GPIO_DeInit   stm32f0xx_hal_gpio.o
    0x080018cc   0x080018cc   0x0000023c   Code   RO          805    i.HAL_GPIO_EXTI_Callback  config.o
    0x08001b08   0x08001b08   0x00000020   Code   RO         1962    i.HAL_GPIO_EXTI_IRQHandler  stm32f0xx_hal_gpio.o
    0x08001b28   0x08001b28   0x000001f0   Code   RO         1963    i.HAL_GPIO_Init     stm32f0xx_hal_gpio.o
    0x08001d18   0x08001d18   0x00000012   Code   RO         1965    i.HAL_GPIO_ReadPin  stm32f0xx_hal_gpio.o
    0x08001d2a   0x08001d2a   0x0000000c   Code   RO         1967    i.HAL_GPIO_WritePin  stm32f0xx_hal_gpio.o
    0x08001d36   0x08001d36   0x00000002   PAD
    0x08001d38   0x08001d38   0x0000000c   Code   RO         1811    i.HAL_GetTick       stm32f0xx_hal.o
    0x08001d44   0x08001d44   0x0000006e   Code   RO         1637    i.HAL_I2CEx_ConfigAnalogFilter  stm32f0xx_hal_i2c_ex.o
    0x08001db2   0x08001db2   0x00000070   Code   RO         1638    i.HAL_I2CEx_ConfigDigitalFilter  stm32f0xx_hal_i2c_ex.o
    0x08001e22   0x08001e22   0x00000002   PAD
    0x08001e24   0x08001e24   0x000000d4   Code   RO         1180    i.HAL_I2C_Init      stm32f0xx_hal_i2c.o
    0x08001ef8   0x08001ef8   0x000001ac   Code   RO         1198    i.HAL_I2C_Mem_Read  stm32f0xx_hal_i2c.o
    0x080020a4   0x080020a4   0x000001a4   Code   RO         1201    i.HAL_I2C_Mem_Write  stm32f0xx_hal_i2c.o
    0x08002248   0x08002248   0x000000ec   Code   RO          583    i.HAL_I2C_MspInit   stm32f0xx_hal_msp.o
    0x08002334   0x08002334   0x0000007c   Code   RO         2583    i.HAL_IWDG_Init     stm32f0xx_hal_iwdg.o
    0x080023b0   0x080023b0   0x00000010   Code   RO         2584    i.HAL_IWDG_Refresh  stm32f0xx_hal_iwdg.o
    0x080023c0   0x080023c0   0x00000018   Code   RO         1817    i.HAL_IncTick       stm32f0xx_hal.o
    0x080023d8   0x080023d8   0x00000020   Code   RO         1818    i.HAL_Init          stm32f0xx_hal.o
    0x080023f8   0x080023f8   0x00000054   Code   RO         1819    i.HAL_InitTick      stm32f0xx_hal.o
    0x0800244c   0x0800244c   0x00000040   Code   RO          584    i.HAL_MspInit       stm32f0xx_hal_msp.o
    0x0800248c   0x0800248c   0x0000003c   Code   RO         2121    i.HAL_NVIC_DisableIRQ  stm32f0xx_hal_cortex.o
    0x080024c8   0x080024c8   0x0000001c   Code   RO         2122    i.HAL_NVIC_EnableIRQ  stm32f0xx_hal_cortex.o
    0x080024e4   0x080024e4   0x00000012   Code   RO         2126    i.HAL_NVIC_SetPriority  stm32f0xx_hal_cortex.o
    0x080024f6   0x080024f6   0x00000002   PAD
    0x080024f8   0x080024f8   0x00000038   Code   RO         2127    i.HAL_NVIC_SystemReset  stm32f0xx_hal_cortex.o
    0x08002530   0x08002530   0x00000014   Code   RO         2219    i.HAL_PWR_EnableBkUpAccess  stm32f0xx_hal_pwr.o
    0x08002544   0x08002544   0x00000150   Code   RO         1772    i.HAL_RCCEx_PeriphCLKConfig  stm32f0xx_hal_rcc_ex.o
    0x08002694   0x08002694   0x0000016c   Code   RO         1676    i.HAL_RCC_ClockConfig  stm32f0xx_hal_rcc.o
    0x08002800   0x08002800   0x0000000c   Code   RO         1681    i.HAL_RCC_GetHCLKFreq  stm32f0xx_hal_rcc.o
    0x0800280c   0x0800280c   0x00000024   Code   RO         1683    i.HAL_RCC_GetPCLK1Freq  stm32f0xx_hal_rcc.o
    0x08002830   0x08002830   0x000000a0   Code   RO         1684    i.HAL_RCC_GetSysClockFreq  stm32f0xx_hal_rcc.o
    0x080028d0   0x080028d0   0x0000058c   Code   RO         1687    i.HAL_RCC_OscConfig  stm32f0xx_hal_rcc.o
    0x08002e5c   0x08002e5c   0x0000005c   Code   RO         2619    i.HAL_RTC_GetDate   stm32f0xx_hal_rtc.o
    0x08002eb8   0x08002eb8   0x0000006c   Code   RO         2621    i.HAL_RTC_GetTime   stm32f0xx_hal_rtc.o
    0x08002f24   0x08002f24   0x000000c0   Code   RO         2622    i.HAL_RTC_Init      stm32f0xx_hal_rtc.o
    0x08002fe4   0x08002fe4   0x00000020   Code   RO          586    i.HAL_RTC_MspInit   stm32f0xx_hal_msp.o
    0x08003004   0x08003004   0x0000017c   Code   RO         2626    i.HAL_RTC_SetAlarm  stm32f0xx_hal_rtc.o
    0x08003180   0x08003180   0x000000c8   Code   RO         2628    i.HAL_RTC_SetDate   stm32f0xx_hal_rtc.o
    0x08003248   0x08003248   0x000000f8   Code   RO         2629    i.HAL_RTC_SetTime   stm32f0xx_hal_rtc.o
    0x08003340   0x08003340   0x0000003c   Code   RO         2630    i.HAL_RTC_WaitForSynchro  stm32f0xx_hal_rtc.o
    0x0800337c   0x0800337c   0x00000038   Code   RO         2130    i.HAL_SYSTICK_Config  stm32f0xx_hal_cortex.o
    0x080033b4   0x080033b4   0x00000002   Code   RO         3680    i.HAL_TIMEx_BreakCallback  stm32f0xx_hal_tim_ex.o
    0x080033b6   0x080033b6   0x00000002   Code   RO         3681    i.HAL_TIMEx_CommutCallback  stm32f0xx_hal_tim_ex.o
    0x080033b8   0x080033b8   0x00000064   Code   RO         2969    i.HAL_TIM_Base_Init  stm32f0xx_hal_tim.o
    0x0800341c   0x0800341c   0x000000ac   Code   RO          588    i.HAL_TIM_Base_MspInit  stm32f0xx_hal_msp.o
    0x080034c8   0x080034c8   0x00000070   Code   RO         2974    i.HAL_TIM_Base_Start_IT  stm32f0xx_hal_tim.o
    0x08003538   0x08003538   0x00000002   Code   RO         3003    i.HAL_TIM_IC_CaptureCallback  stm32f0xx_hal_tim.o
    0x0800353a   0x0800353a   0x000001c8   Code   RO         3017    i.HAL_TIM_IRQHandler  stm32f0xx_hal_tim.o
    0x08003702   0x08003702   0x00000002   Code   RO         3020    i.HAL_TIM_OC_DelayElapsedCallback  stm32f0xx_hal_tim.o
    0x08003704   0x08003704   0x00000002   Code   RO         3047    i.HAL_TIM_PWM_PulseFinishedCallback  stm32f0xx_hal_tim.o
    0x08003706   0x08003706   0x00000002   PAD
    0x08003708   0x08003708   0x0000029c   Code   RO           17    i.HAL_TIM_PeriodElapsedCallback  main.o
    0x080039a4   0x080039a4   0x00000002   Code   RO         3060    i.HAL_TIM_TriggerCallback  stm32f0xx_hal_tim.o
    0x080039a6   0x080039a6   0x0000008a   Code   RO         4341    i.HAL_UARTEx_ReceiveToIdle_DMA  stm32f0xx_hal_uart_ex.o
    0x08003a30   0x08003a30   0x00000002   Code   RO         3950    i.HAL_UARTEx_RxEventCallback  stm32f0xx_hal_uart.o
    0x08003a32   0x08003a32   0x00000050   Code   RO         3963    i.HAL_UART_DeInit   stm32f0xx_hal_uart.o
    0x08003a82   0x08003a82   0x00000002   Code   RO         3966    i.HAL_UART_ErrorCallback  stm32f0xx_hal_uart.o
    0x08003a84   0x08003a84   0x00000008   Code   RO         3967    i.HAL_UART_GetError  stm32f0xx_hal_uart.o
    0x08003a8c   0x08003a8c   0x000003ac   Code   RO         3969    i.HAL_UART_IRQHandler  stm32f0xx_hal_uart.o
    0x08003e38   0x08003e38   0x0000007e   Code   RO         3970    i.HAL_UART_Init     stm32f0xx_hal_uart.o
    0x08003eb6   0x08003eb6   0x00000002   PAD
    0x08003eb8   0x08003eb8   0x00000040   Code   RO          589    i.HAL_UART_MspDeInit  stm32f0xx_hal_msp.o
    0x08003ef8   0x08003ef8   0x00000108   Code   RO          590    i.HAL_UART_MspInit  stm32f0xx_hal_msp.o
    0x08004000   0x08004000   0x0000007e   Code   RO         3974    i.HAL_UART_Receive_DMA  stm32f0xx_hal_uart.o
    0x0800407e   0x0800407e   0x00000002   Code   RO         3977    i.HAL_UART_RxCpltCallback  stm32f0xx_hal_uart.o
    0x08004080   0x08004080   0x00000002   Code   RO         3978    i.HAL_UART_RxHalfCpltCallback  stm32f0xx_hal_uart.o
    0x08004082   0x08004082   0x00000002   PAD
    0x08004084   0x08004084   0x000000c8   Code   RO         3980    i.HAL_UART_Transmit_DMA  stm32f0xx_hal_uart.o
    0x0800414c   0x0800414c   0x00000002   Code   RO         3982    i.HAL_UART_TxCpltCallback  stm32f0xx_hal_uart.o
    0x0800414e   0x0800414e   0x00000002   Code   RO         3983    i.HAL_UART_TxHalfCpltCallback  stm32f0xx_hal_uart.o
    0x08004150   0x08004150   0x00000004   Code   RO          498    i.HardFault_Handler  stm32f0xx_it.o
    0x08004154   0x08004154   0x00000032   Code   RO         1227    i.I2C_Flush_TXDR    stm32f0xx_hal_i2c.o
    0x08004186   0x08004186   0x00000002   PAD
    0x08004188   0x08004188   0x0000015c   Code   RO         1235    i.I2C_IsErrorOccurred  stm32f0xx_hal_i2c.o
    0x080042e4   0x080042e4   0x00000080   Code   RO         1240    i.I2C_RequestMemoryRead  stm32f0xx_hal_i2c.o
    0x08004364   0x08004364   0x00000080   Code   RO         1241    i.I2C_RequestMemoryWrite  stm32f0xx_hal_i2c.o
    0x080043e4   0x080043e4   0x0000003c   Code   RO         1244    i.I2C_TransferConfig  stm32f0xx_hal_i2c.o
    0x08004420   0x08004420   0x0000006c   Code   RO         1246    i.I2C_WaitOnFlagUntilTimeout  stm32f0xx_hal_i2c.o
    0x0800448c   0x0800448c   0x00000066   Code   RO         1248    i.I2C_WaitOnSTOPFlagUntilTimeout  stm32f0xx_hal_i2c.o
    0x080044f2   0x080044f2   0x0000006e   Code   RO         1249    i.I2C_WaitOnTXISFlagUntilTimeout  stm32f0xx_hal_i2c.o
    0x08004560   0x08004560   0x00000014   Code   RO          896    i.LCD_Clear         lcd_16x2.o
    0x08004574   0x08004574   0x0000002c   Code   RO          897    i.LCD_Enable        lcd_16x2.o
    0x080045a0   0x080045a0   0x0000003c   Code   RO          898    i.LCD_Gotoxy        lcd_16x2.o
    0x080045dc   0x080045dc   0x00000050   Code   RO          899    i.LCD_Init          lcd_16x2.o
    0x0800462c   0x0800462c   0x00000028   Code   RO          900    i.LCD_PutChar       lcd_16x2.o
    0x08004654   0x08004654   0x00000024   Code   RO          901    i.LCD_Puts          lcd_16x2.o
    0x08004678   0x08004678   0x00000088   Code   RO          902    i.LCD_Send4Bit      lcd_16x2.o
    0x08004700   0x08004700   0x0000001a   Code   RO          903    i.LCD_SendCommand   lcd_16x2.o
    0x0800471a   0x0800471a   0x00000002   PAD
    0x0800471c   0x0800471c   0x00000188   Code   RO           18    i.LF_DISABLE        main.o
    0x080048a4   0x080048a4   0x00000064   Code   RO         1101    i.MCP_PA_OUT_MODE   mcp23017.o
    0x08004908   0x08004908   0x0000006c   Code   RO         1103    i.MCP_PA_WRITE      mcp23017.o
    0x08004974   0x08004974   0x00000064   Code   RO         1105    i.MCP_PB_OUT_MODE   mcp23017.o
    0x080049d8   0x080049d8   0x0000006c   Code   RO         1107    i.MCP_PB_WRITE      mcp23017.o
    0x08004a44   0x08004a44   0x00000034   Code   RO           19    i.MX_DMA_Init       main.o
    0x08004a78   0x08004a78   0x000001c4   Code   RO           20    i.MX_GPIO_Init      main.o
    0x08004c3c   0x08004c3c   0x0000005c   Code   RO           21    i.MX_I2C1_Init      main.o
    0x08004c98   0x08004c98   0x0000005c   Code   RO           22    i.MX_I2C2_Init      main.o
    0x08004cf4   0x08004cf4   0x00000030   Code   RO           23    i.MX_IWDG_Init      main.o
    0x08004d24   0x08004d24   0x000000f8   Code   RO           24    i.MX_RTC_Init       main.o
    0x08004e1c   0x08004e1c   0x0000003c   Code   RO           25    i.MX_TIM14_Init     main.o
    0x08004e58   0x08004e58   0x00000038   Code   RO           26    i.MX_TIM16_Init     main.o
    0x08004e90   0x08004e90   0x00000038   Code   RO           27    i.MX_TIM6_Init      main.o
    0x08004ec8   0x08004ec8   0x00000044   Code   RO           28    i.MX_USART2_UART_Init  main.o
    0x08004f0c   0x08004f0c   0x00000004   Code   RO          499    i.NMI_Handler       stm32f0xx_it.o
    0x08004f10   0x08004f10   0x00000468   Code   RO           29    i.PASS_CODE         main.o
    0x08005378   0x08005378   0x00000002   Code   RO          500    i.PendSV_Handler    stm32f0xx_it.o
    0x0800537a   0x0800537a   0x00000002   PAD
    0x0800537c   0x0800537c   0x0000018c   Code   RO           30    i.RAIN_DISABLE      main.o
    0x08005508   0x08005508   0x0000001a   Code   RO         2631    i.RTC_Bcd2ToByte    stm32f0xx_hal_rtc.o
    0x08005522   0x08005522   0x0000001a   Code   RO         2632    i.RTC_ByteToBcd2    stm32f0xx_hal_rtc.o
    0x0800553c   0x0800553c   0x00000050   Code   RO         2633    i.RTC_EnterInitMode  stm32f0xx_hal_rtc.o
    0x0800558c   0x0800558c   0x00000032   Code   RO         2634    i.RTC_ExitInitMode  stm32f0xx_hal_rtc.o
    0x080055be   0x080055be   0x00000002   PAD
    0x080055c0   0x080055c0   0x00000108   Code   RO           31    i.RTC_TimeShow      main.o
    0x080056c8   0x080056c8   0x00000140   Code   RO           32    i.RTC_TimeShow1     main.o
    0x08005808   0x08005808   0x0000044c   Code   RO           34    i.SET_PASS_CODE     main.o
    0x08005c54   0x08005c54   0x00000002   Code   RO          501    i.SVC_Handler       stm32f0xx_it.o
    0x08005c56   0x08005c56   0x00000008   Code   RO          502    i.SysTick_Handler   stm32f0xx_it.o
    0x08005c5e   0x08005c5e   0x00000002   PAD
    0x08005c60   0x08005c60   0x000000a8   Code   RO           35    i.SystemClock_Config  main.o
    0x08005d08   0x08005d08   0x00000002   Code   RO         4393    i.SystemInit        system_stm32f0xx.o
    0x08005d0a   0x08005d0a   0x00000002   PAD
    0x08005d0c   0x08005d0c   0x00000010   Code   RO          503    i.TIM14_IRQHandler  stm32f0xx_it.o
    0x08005d1c   0x08005d1c   0x00000010   Code   RO          504    i.TIM6_IRQHandler   stm32f0xx_it.o
    0x08005d2c   0x08005d2c   0x000000a0   Code   RO         3062    i.TIM_Base_SetConfig  stm32f0xx_hal_tim.o
    0x08005dcc   0x08005dcc   0x00000360   Code   RO           36    i.Time_at_SIM       main.o
    0x0800612c   0x0800612c   0x000000f0   Code   RO         3984    i.UART_AdvFeatureConfig  stm32f0xx_hal_uart.o
    0x0800621c   0x0800621c   0x00000100   Code   RO         3985    i.UART_CheckIdleState  stm32f0xx_hal_uart.o
    0x0800631c   0x0800631c   0x00000018   Code   RO         3986    i.UART_DMAAbortOnError  stm32f0xx_hal_uart.o
    0x08006334   0x08006334   0x00000058   Code   RO         3987    i.UART_DMAError     stm32f0xx_hal_uart.o
    0x0800638c   0x0800638c   0x000000c6   Code   RO         3988    i.UART_DMAReceiveCplt  stm32f0xx_hal_uart.o
    0x08006452   0x08006452   0x00000026   Code   RO         3990    i.UART_DMARxHalfCplt  stm32f0xx_hal_uart.o
    0x08006478   0x08006478   0x0000005e   Code   RO         3992    i.UART_DMATransmitCplt  stm32f0xx_hal_uart.o
    0x080064d6   0x080064d6   0x0000000e   Code   RO         3994    i.UART_DMATxHalfCplt  stm32f0xx_hal_uart.o
    0x080064e4   0x080064e4   0x00000080   Code   RO         3996    i.UART_EndRxTransfer  stm32f0xx_hal_uart.o
    0x08006564   0x08006564   0x00000036   Code   RO         3997    i.UART_EndTransmit_IT  stm32f0xx_hal_uart.o
    0x0800659a   0x0800659a   0x0000002c   Code   RO         3998    i.UART_EndTxTransfer  stm32f0xx_hal_uart.o
    0x080065c6   0x080065c6   0x00000002   PAD
    0x080065c8   0x080065c8   0x000001e0   Code   RO         4001    i.UART_SetConfig    stm32f0xx_hal_uart.o
    0x080067a8   0x080067a8   0x000000dc   Code   RO         4002    i.UART_Start_Receive_DMA  stm32f0xx_hal_uart.o
    0x08006884   0x08006884   0x000000ac   Code   RO         4006    i.UART_WaitOnFlagUntilTimeout  stm32f0xx_hal_uart.o
    0x08006930   0x08006930   0x00000010   Code   RO          505    i.USART2_IRQHandler  stm32f0xx_it.o
    0x08006940   0x08006940   0x00000188   Code   RO           37    i.WATER_METER_RESET_FN  main.o
    0x08006ac8   0x08006ac8   0x00000044   Code   RO           38    i.WATER_METER_WRITE  main.o
    0x08006b0c   0x08006b0c   0x00000030   Code   RO         1763    i.__ARM_common_ll_muluu  stm32f0xx_hal_rcc.o
    0x08006b3c   0x08006b3c   0x00000078   Code   RO         2132    i.__NVIC_SetPriority  stm32f0xx_hal_cortex.o
    0x08006bb4   0x08006bb4   0x00000006   Code   RO         4007    i.__get_PRIMASK     stm32f0xx_hal_uart.o
    0x08006bba   0x08006bba   0x00000006   Code   RO         4008    i.__set_PRIMASK     stm32f0xx_hal_uart.o
    0x08006bc0   0x08006bc0   0x00000006   Code   RO         4343    i.__set_PRIMASK     stm32f0xx_hal_uart_ex.o
    0x08006bc6   0x08006bc6   0x0000000e   Code   RO         4472    i._is_digit         c_p.l(__printf_wp.o)
    0x08006bd4   0x08006bd4   0x00000044   Code   RO          965    i.apn_msg_confirmed  pkt_pub.o
    0x08006c18   0x08006c18   0x00000218   Code   RO           39    i.apn_set_menu      main.o
    0x08006e30   0x08006e30   0x000000e4   Code   RO         1050    i.bt_apn_parser     remote_config.o
    0x08006f14   0x08006f14   0x0000001c   Code   RO          656    i.check_mqtt_status  ec_200_lib.o
    0x08006f30   0x08006f30   0x00000534   Code   RO           40    i.check_sub_data_fn  main.o
    0x08007464   0x08007464   0x000000fc   Code   RO           41    i.chk_cloud_conn    main.o
    0x08007560   0x08007560   0x0000047c   Code   RO           42    i.cloudSetting      main.o
    0x080079dc   0x080079dc   0x00000154   Code   RO           43    i.cloud_set_menu    main.o
    0x08007b30   0x08007b30   0x00000044   Code   RO          967    i.cwm_msg_confirmed  pkt_pub.o
    0x08007b74   0x08007b74   0x00000070   Code   RO           44    i.data_error        main.o
    0x08007be4   0x08007be4   0x00000040   Code   RO          658    i.detect_sim        ec_200_lib.o
    0x08007c24   0x08007c24   0x00000238   Code   RO           45    i.dig               main.o
    0x08007e5c   0x08007e5c   0x00000038   Code   RO          660    i.get_imei          ec_200_lib.o
    0x08007e94   0x08007e94   0x0000001c   Code   RO          661    i.get_time_sim      ec_200_lib.o
    0x08007eb0   0x08007eb0   0x000005bc   Code   RO           46    i.ipSet             main.o
    0x0800846c   0x0800846c   0x0000003c   Code   RO           47    i.j_str_validity_fn  main.o
    0x080084a8   0x080084a8   0x0000001c   Code   RO          662    i.keep_alive        ec_200_lib.o
    0x080084c4   0x080084c4   0x00000020   Code   RO           48    i.lcd_off           main.o
    0x080084e4   0x080084e4   0x00000028   Code   RO           49    i.lcd_on            main.o
    0x0800850c   0x0800850c   0x00000044   Code   RO          968    i.lfs_msg_confirmed  pkt_pub.o
    0x08008550   0x08008550   0x00001a5c   Code   RO           50    i.main              main.o
    0x08009fac   0x08009fac   0x0000005c   Code   RO         1108    i.mcp_init          mcp23017.o
    0x0800a008   0x0800a008   0x00000064   Code   RO           51    i.mqtt_reconnect    main.o
    0x0800a06c   0x0800a06c   0x00000150   Code   RO         1051    i.mqtt_val_parser   remote_config.o
    0x0800a1bc   0x0800a1bc   0x00000268   Code   RO           52    i.mqtt_valve_output  main.o
    0x0800a424   0x0800a424   0x0000013c   Code   RO           54    i.network_boot_chk  main.o
    0x0800a560   0x0800a560   0x00000198   Code   RO           55    i.network_chk       main.o
    0x0800a6f8   0x0800a6f8   0x00000024   Code   RO           56    i.nw_err_validity_boot_fn  main.o
    0x0800a71c   0x0800a71c   0x0000002c   Code   RO           57    i.nw_err_validity_fn  main.o
    0x0800a748   0x0800a748   0x000000c4   Code   RO         1052    i.one_digit_parser_2nd_config  remote_config.o
    0x0800a80c   0x0800a80c   0x00000044   Code   RO          969    i.pit_msg_confirmed  pkt_pub.o
    0x0800a850   0x0800a850   0x00000044   Code   RO          970    i.pkt_t_msg_confirmed  pkt_pub.o
    0x0800a894   0x0800a894   0x00000044   Code   RO          971    i.pub_boot_msg      pkt_pub.o
    0x0800a8d8   0x0800a8d8   0x00000160   Code   RO          972    i.pub_live_msg      pkt_pub.o
    0x0800aa38   0x0800aa38   0x0000007c   Code   RO          663    i.pub_msg           ec_200_lib.o
    0x0800aab4   0x0800aab4   0x00000044   Code   RO          973    i.pub_msg_confirmed  pkt_pub.o
    0x0800aaf8   0x0800aaf8   0x00000170   Code   RO           58    i.pub_msg_sch       main.o
    0x0800ac68   0x0800ac68   0x00000014   Code   RO           59    i.reset_lcd_init_timer  main.o
    0x0800ac7c   0x0800ac7c   0x00000044   Code   RO          974    i.rns_msg_confirmed  pkt_pub.o
    0x0800acc0   0x0800acc0   0x00000044   Code   RO          975    i.rst_msg_confirmed  pkt_pub.o
    0x0800ad04   0x0800ad04   0x00000228   Code   RO           60    i.sensor_setting    main.o
    0x0800af2c   0x0800af2c   0x00000054   Code   RO          664    i.serverIP          ec_200_lib.o
    0x0800af80   0x0800af80   0x00000050   Code   RO          665    i.setAPN            ec_200_lib.o
    0x0800afd0   0x0800afd0   0x000005c8   Code   RO           61    i.setPort           main.o
    0x0800b598   0x0800b598   0x000005a8   Code   RO           62    i.set_date_day_time  main.o
    0x0800bb40   0x0800bb40   0x00000040   Code   RO          666    i.set_nw_auto       ec_200_lib.o
    0x0800bb80   0x0800bb80   0x00000060   Code   RO          667    i.set_userpwd       ec_200_lib.o
    0x0800bbe0   0x0800bbe0   0x0000013c   Code   RO           63    i.sig_strength      main.o
    0x0800bd1c   0x0800bd1c   0x00000038   Code   RO          668    i.signal_strengt    ec_200_lib.o
    0x0800bd54   0x0800bd54   0x00000060   Code   RO          669    i.start_modem       ec_200_lib.o
    0x0800bdb4   0x0800bdb4   0x000004d4   Code   RO           64    i.start_modem_config  main.o
    0x0800c288   0x0800c288   0x00000054   Code   RO           65    i.stat_error_chk_fn  main.o
    0x0800c2dc   0x0800c2dc   0x00000080   Code   RO           66    i.stop_all_valve    main.o
    0x0800c35c   0x0800c35c   0x00000060   Code   RO          670    i.stop_modem        ec_200_lib.o
    0x0800c3bc   0x0800c3bc   0x00000048   Code   RO          671    i.sub_topic         ec_200_lib.o
    0x0800c404   0x0800c404   0x000006e0   Code   RO           67    i.test_mode         main.o
    0x0800cae4   0x0800cae4   0x00000034   Code   RO          672    i.testgsm           ec_200_lib.o
    0x0800cb18   0x0800cb18   0x0000002c   Code   RO         4587    locale$$code        c_p.l(lc_ctype_c.o)
    0x0800cb44   0x0800cb44   0x00000194   Data   RO           69    .constdata          main.o
    0x0800ccd8   0x0800ccd8   0x00000020   Data   RO         1688    .constdata          stm32f0xx_hal_rcc.o
    0x0800ccf8   0x0800ccf8   0x00000018   Data   RO         4394    .constdata          system_stm32f0xx.o
    0x0800cd10   0x0800cd10   0x00000011   Data   RO         4475    .constdata          c_p.l(__printf_flags_wp.o)
    0x0800cd21   0x0800cd21   0x00000003   PAD
    0x0800cd24   0x0800cd24   0x00000064   Data   RO          976    .conststring        pkt_pub.o
    0x0800cd88   0x0800cd88   0x00000020   Data   RO         4728    Region$$Table       anon$$obj.o
    0x0800cda8   0x0800cda8   0x00000110   Data   RO         4586    locale$$data        c_p.l(lc_ctype_c.o)


    Execution Region RW_IRAM1 (Exec base: 0x20000000, Load base: 0x0800ceb8, Size: 0x00002108, Max: 0x00008000, ABSOLUTE, COMPRESSED[0x0000032c])

    Exec Addr    Load Addr    Size         Type   Attr      Idx    E Section Name        Object

    0x20000000   COMPRESSED   0x000001ab   Data   RW           70    .data               main.o
    0x200001ab   COMPRESSED   0x00000001   PAD
    0x200001ac   COMPRESSED   0x00000211   Data   RW          674    .data               ec_200_lib.o
    0x200003bd   COMPRESSED   0x00000003   PAD
    0x200003c0   COMPRESSED   0x000002f8   Data   RW          807    .data               config.o
    0x200006b8   COMPRESSED   0x00000002   Data   RW          838    .data               eeprom_at24xxx.o
    0x200006ba   COMPRESSED   0x00000002   PAD
    0x200006bc   COMPRESSED   0x00000008   Data   RW          977    .data               pkt_pub.o
    0x200006c4   COMPRESSED   0x00000017   Data   RW         1054    .data               remote_config.o
    0x200006db   COMPRESSED   0x00000001   PAD
    0x200006dc   COMPRESSED   0x00000009   Data   RW         1825    .data               stm32f0xx_hal.o
    0x200006e5   COMPRESSED   0x00000003   PAD
    0x200006e8   COMPRESSED   0x00000004   Data   RW         4395    .data               system_stm32f0xx.o
    0x200006ec   COMPRESSED   0x00000004   Data   RW         4491    .data               c_p.l(strtok.o)
    0x200006f0        -       0x00000730   Zero   RW           68    .bss                main.o
    0x20000e20        -       0x00000870   Zero   RW          673    .bss                ec_200_lib.o
    0x20001690        -       0x0000009c   Zero   RW          806    .bss                config.o
    0x2000172c        -       0x0000037a   Zero   RW         1053    .bss                remote_config.o
    0x20001aa6   COMPRESSED   0x00000002   PAD
    0x20001aa8        -       0x00000060   Zero   RW         4547    .bss                c_p.l(libspace.o)
    0x20001b08        -       0x00000200   Zero   RW            2    HEAP                startup_stm32f030xc.o
    0x20001d08        -       0x00000400   Zero   RW            1    STACK               startup_stm32f030xc.o


==============================================================================

Image component sizes


      Code (inc. data)   RO Data    RW Data    ZI Data      Debug   Object Name

       572         94          0        760        156       4139   config.o
      1024        346          0        529       2160       9029   ec_200_lib.o
       284         22          0          2          0       4115   eeprom_at24xxx.o
       442         38          0          0          0       4003   lcd_16x2.o
     29914       6268        404        427       1840     372895   main.o
       508         52          0          0          0       2549   mcp23017.o
       964        424        100          8          0       5100   pkt_pub.o
       760         98          0         23        890       4385   remote_config.o
        56         26        184          0       1536        624   startup_stm32f030xc.o
       196         38          0          9          0       7969   stm32f0xx_hal.o
       338         40          0          0          0      11534   stm32f0xx_hal_cortex.o
       818         10          0          0          0       5759   stm32f0xx_hal_dma.o
       822         52          0          0          0       3936   stm32f0xx_hal_gpio.o
      2094         36          0          0          0      11486   stm32f0xx_hal_i2c.o
       222          0          0          0          0       1855   stm32f0xx_hal_i2c_ex.o
       140         18          0          0          0       1807   stm32f0xx_hal_iwdg.o
       832         78          0          0          0       4157   stm32f0xx_hal_msp.o
        20          4          0          0          0        495   stm32f0xx_hal_pwr.o
      2040         74         32          0          0       5033   stm32f0xx_hal_rcc.o
       336         14          0          0          0       1364   stm32f0xx_hal_rcc_ex.o
      1462         32          0          0          0       8544   stm32f0xx_hal_rtc.o
       836         40          0          0          0       5483   stm32f0xx_hal_tim.o
         4          0          0          0          0       1501   stm32f0xx_hal_tim_ex.o
      3554         86          0          0          0      23139   stm32f0xx_hal_uart.o
       144          0          0          0          0       1835   stm32f0xx_hal_uart_ex.o
       138         26          0          0          0       4784   stm32f0xx_it.o
         2          0         24          4          0       1075   system_stm32f0xx.o

    ----------------------------------------------------------------------
     48554       7916        776       1772       6584     508595   Object Totals
         0          0         32          0          0          0   (incl. Generated)
        32          0          0         10          2          0   (incl. Padding)

    ----------------------------------------------------------------------

      Code (inc. data)   RO Data    RW Data    ZI Data      Debug   Library Member Name

        86          0          0          0          0          0   __dczerorl2.o
         8          0          0          0          0         68   __main.o
       312          6         17          0          0         76   __printf_flags_wp.o
        14          0          0          0          0         60   __printf_wp.o
         0          0          0          0          0          0   __rtentry.o
        12          0          0          0          0          0   __rtentry2.o
         6          0          0          0          0          0   __rtentry4.o
        60          8          0          0          0          0   __scatter.o
        28          0          0          0          0          0   __scatter_zi.o
        30          0          0          0          0         60   _chval.o
        10          0          0          0          0          0   _printf_c.o
        46          0          0          0          0        100   _printf_char.o
        48          6          0          0          0         88   _printf_char_common.o
        10          0          0          0          0          0   _printf_d.o
       108         18          0          0          0         76   _printf_dec.o
       176          0          0          0          0         84   _printf_intcommon.o
        78          0          0          0          0        100   _printf_pad.o
         2          0          0          0          0          0   _printf_percent.o
         4          0          0          0          0          0   _printf_percent_end.o
        10          0          0          0          0          0   _printf_s.o
        82          0          0          0          0         72   _printf_str.o
        10          0          0          0          0          0   _printf_u.o
        10          0          0          0          0         60   _sputc.o
       166          0          0          0          0         84   _strtoul.o
       346          0          0          0          0         92   aeabi_sdiv.o
        26          0          0          0          0         72   atoi.o
        16          0          0          0          0         68   exit.o
         6          0          0          0          0        136   heapauxi.o
         0          0          0          0          0          0   indicate_semi.o
        44         10        272          0          0         76   lc_ctype_c.o
         2          0          0          0          0          0   libinit.o
        20          0          0          0          0          0   libinit2.o
         2          0          0          0          0          0   libshutdown.o
         2          0          0          0          0          0   libshutdown2.o
         8          4          0          0         96         68   libspace.o
       258          0          0          0          0         88   lludiv.o
        40          4          0          0          0         84   noretval__2sprintf.o
        16          4          0          0          0         76   rt_ctype_table.o
         8          4          0          0          0         68   rt_errno_addr_intlibspace.o
         8          4          0          0          0         68   rt_locale_intlibspace.o
        64          0          0          0          0        108   rt_memclr.o
       186          0          0          0          0        144   rt_memcpy.o
       150          0          0          0          0        104   rt_memmove.o
         2          0          0          0          0          0   rtexit.o
        10          0          0          0          0          0   rtexit2.o
        40          0          0          0          0         60   rtudiv10.o
        24          0          0          0          0         60   strcat.o
       136          4          0          0          0         72   strcmp.o
        34          0          0          0          0         72   strcspn.o
        68          6          0          0          0         72   strlen.o
       108          4          0          0          0         76   strncpy.o
        32          0          0          0          0         72   strspn.o
        40          0          0          0          0         72   strstr.o
        16          6          0          4          0         68   strtok.o
        72          6          0          0          0         76   strtok_int.o
       112          4          0          0          0         76   strtol.o
        12          4          0          0          0         60   sys_exit.o
        62          0          0          0          0         80   sys_stackheap_outer.o
         2          0          0          0          0         68   use_no_semi.o

    ----------------------------------------------------------------------
      3298        102        292          4         96       3164   Library Totals
        10          0          3          0          0          0   (incl. Padding)

    ----------------------------------------------------------------------

      Code (inc. data)   RO Data    RW Data    ZI Data      Debug   Library Name

      3288        102        289          4         96       3164   c_p.l

    ----------------------------------------------------------------------
      3298        102        292          4         96       3164   Library Totals

    ----------------------------------------------------------------------

==============================================================================


      Code (inc. data)   RO Data    RW Data    ZI Data      Debug   

     51852       8018       1068       1776       6680     500799   Grand Totals
     51852       8018       1068        812       6680     500799   ELF Image Totals (compressed)
     51852       8018       1068        812          0          0   ROM Totals

==============================================================================

    Total RO  Size (Code + RO Data)                52920 (  51.68kB)
    Total RW  Size (RW Data + ZI Data)              8456 (   8.26kB)
    Total ROM Size (Code + RO Data + RW Data)      53732 (  52.47kB)

==============================================================================

